<html>
<body>
<pre>
<h1>µVision Build Log</h1>
<h2>Tool Versions:</h2>
IDE-Version: µVision V5.38.0.0
Copyright (C) 2022 ARM Ltd and ARM Germany GmbH. All rights reserved.
License Information: huy vanhuuy0202@outlook.com, ut, LIC=----
 
Tool Versions:
Toolchain:       MDK-Lite  Version: 5.43.0.0
Toolchain Path:  C:\Users\vanhu\AppData\Local\Keil_v5\ARM\ARMCLANG\Bin
C Compiler:      ArmClang.exe V6.24
Assembler:       Armasm.exe V6.24
Linker/Locator:  ArmLink.exe V6.24
Library Manager: ArmAr.exe V6.24
Hex Converter:   FromElf.exe V6.24
CPU DLL:         SARMCM3.DLL V5.43.0.0
Dialog DLL:      DCM.DLL V1.17.5.0
Target DLL:      STLink\ST-LINKIII-KEIL_SWO.dll V3.3.1.0
Dialog DLL:      TCM.DLL V1.56.6.0
 
<h2>Project:</h2>
C:\Keil_v5\C51\Examples\HELLO\STM32-ESP32\STM32_ESP32.uvprojx
Project File Date:  12/14/2025

<h2>Output:</h2>
*** Using Compiler 'V6.24', folder: 'C:\Users\vanhu\AppData\Local\Keil_v5\ARM\ARMCLANG\Bin'
Build target 'Target 1'
STM32_ESP32_MAIN.c(3): warning: In file included from...
.\UART_CONFIG.h(8): warning: 'GPIOA_BASE' macro redefined [-Wmacro-redefined]
    8 | #define GPIOA_BASE         ((uint32_t)0x40010800) // <D0>?a ch? co s? cho GPIOA
      |         ^
C:/Users/vanhu/AppData/Local/Arm/Packs/Keil/STM32F1xx_DFP/2.4.1/Device/Include\stm32f10x.h(1323): note: previous definition is here
 1323 | #define GPIOA_BASE            (APB2PERIPH_BASE + 0x0800)
      |         ^
STM32_ESP32_MAIN.c(3): warning: In file included from...
.\UART_CONFIG.h(9): warning: 'USART1_BASE' macro redefined [-Wmacro-redefined]
    9 | #define USART1_BASE        ((uint32_t)0x40013800) // <D0>?a ch? co s? cho USART1
      |         ^
C:/Users/vanhu/AppData/Local/Arm/Packs/Keil/STM32F1xx_DFP/2.4.1/Device/Include\stm32f10x.h(1335): note: previous definition is here
 1335 | #define USART1_BASE           (APB2PERIPH_BASE + 0x3800)
      |         ^
STM32_ESP32_MAIN.c(3): warning: In file included from...
.\UART_CONFIG.h(10): warning: 'RCC_BASE' macro redefined [-Wmacro-redefined]
   10 | #define RCC_BASE           ((uint32_t)0x40021000) // <D0>?a ch? co s? cho RCC
      |         ^
C:/Users/vanhu/AppData/Local/Arm/Packs/Keil/STM32F1xx_DFP/2.4.1/Device/Include\stm32f10x.h(1360): note: previous definition is here
 1360 | #define RCC_BASE              (AHBPERIPH_BASE + 0x1000)
      |         ^
STM32_ESP32_MAIN.c(3): warning: In file included from...
.\UART_CONFIG.h(12): warning: 'RCC_APB2ENR' macro redefined [-Wmacro-redefined]
   12 | #define RCC_APB2ENR  (*((volatile uint32_t *)(RCC_BASE + 0x18)))
      |         ^
.\SYSCLK.h(9): note: previous definition is here
    9 | #define RCC_APB2ENR             (*((volatile unsigned long *) 0x40021018))
      |         ^
4 warnings generated.
compiling STM32_ESP32_MAIN.c...
linking...
Program Size: Code=19292 RO-data=1896 RW-data=12 ZI-data=1992  
".\Objects\STM32_ESP32.axf" - 0 Error(s), 4 Warning(s).

<h2>Software Packages used:</h2>

Package Vendor: ARM
                https://www.keil.com/pack/ARM.CMSIS.6.2.0.pack
                ARM.CMSIS.6.2.0
                CMSIS (Common Microcontroller Software Interface Standard)
   * Component: CORE Version: 6.1.1

Package Vendor: Keil
                https://www.keil.com/pack/Keil.STM32F1xx_DFP.2.4.1.pack
                Keil.STM32F1xx_DFP.2.4.1
                STMicroelectronics STM32F1 Series Device Support, Drivers and Examples
   * Component: GPIO Version: 1.3
   * Component: Startup Version: 1.0.0
   * Component: EXTI Version: 3.6.0
   * Component: Framework Version: 3.6.0
   * Component: GPIO Version: 3.6.0
   * Component: I2C Version: 3.6.0
   * Component: RCC Version: 3.6.0
   * Component: TIM Version: 3.6.0
   * Component: USART Version: 3.6.0

<h2>Collection of Component include folders:</h2>
  ./RTE/Device/STM32F103C8
  ./RTE/_Target_1
  C:/Users/vanhu/AppData/Local/Arm/Packs/ARM/CMSIS/6.2.0/CMSIS/Core/Include
  C:/Users/vanhu/AppData/Local/Arm/Packs/Keil/STM32F1xx_DFP/2.4.1/Device/Include
  C:/Users/vanhu/AppData/Local/Arm/Packs/Keil/STM32F1xx_DFP/2.4.1/Device/StdPeriph_Driver/inc
  C:/Users/vanhu/AppData/Local/Arm/Packs/Keil/STM32F1xx_DFP/2.4.1/RTE_Driver

<h2>Collection of Component Files used:</h2>

   * Component: ARM::CMSIS:CORE:6.1.1

   * Component: Keil::Device:GPIO:1.3
      Source file:   RTE_Driver/GPIO_STM32F10x.c
      Include file:  RTE_Driver/GPIO_STM32F10x.h

   * Component: Keil::Device:Startup:1.0.0
      Source file:   Device/Source/ARM/startup_stm32f10x_md.s
      Source file:   Device/Source/ARM/STM32F1xx_OPT.s
      Include file:  RTE_Driver/Config/RTE_Device.h
      Source file:   Device/Source/system_stm32f10x.c

   * Component: Keil::Device:StdPeriph Drivers:EXTI:3.6.0
      Source file:   Device/StdPeriph_Driver/src/stm32f10x_exti.c
      Include file:  Device/StdPeriph_Driver/inc/stm32f10x_exti.h

   * Component: Keil::Device:StdPeriph Drivers:Framework:3.6.0
      Source file:   Device/StdPeriph_Driver/templates/stm32f10x_it.c
      Include file:  Device/StdPeriph_Driver/templates/stm32f10x_it.h
      Source file:   Device/StdPeriph_Driver/src/misc.c
      Source file:   Device/StdPeriph_Driver/templates/stm32f10x_conf.h
      Include file:  Device/StdPeriph_Driver/inc/misc.h

   * Component: Keil::Device:StdPeriph Drivers:GPIO:3.6.0
      Source file:   Device/StdPeriph_Driver/src/stm32f10x_gpio.c
      Include file:  Device/StdPeriph_Driver/inc/stm32f10x_gpio.h

   * Component: Keil::Device:StdPeriph Drivers:I2C:3.6.0
      Include file:  Device/StdPeriph_Driver/inc/stm32f10x_i2c.h
      Source file:   Device/StdPeriph_Driver/src/stm32f10x_i2c.c

   * Component: Keil::Device:StdPeriph Drivers:RCC:3.6.0
      Source file:   Device/StdPeriph_Driver/src/stm32f10x_rcc.c
      Include file:  Device/StdPeriph_Driver/inc/stm32f10x_rcc.h

   * Component: Keil::Device:StdPeriph Drivers:TIM:3.6.0
      Include file:  Device/StdPeriph_Driver/inc/stm32f10x_tim.h
      Source file:   Device/StdPeriph_Driver/src/stm32f10x_tim.c

   * Component: Keil::Device:StdPeriph Drivers:USART:3.6.0
      Include file:  Device/StdPeriph_Driver/inc/stm32f10x_usart.h
      Source file:   Device/StdPeriph_Driver/src/stm32f10x_usart.c
Build Time Elapsed:  00:00:01
</pre>
</body>
</html>
