Component: Arm Compiler for Embedded 6.24 Tool: armlink [5f371500]

==============================================================================

Section Cross References

    stm32_esp32_main.o(.text) refers (Special) to _printf_percent.o(.ARM.Collect$$_printf_percent$$00000000) for _printf_percent
    stm32_esp32_main.o(.text) refers (Special) to _printf_s.o(.ARM.Collect$$_printf_percent$$00000014) for _printf_s
    stm32_esp32_main.o(.text) refers (Special) to _printf_d.o(.ARM.Collect$$_printf_percent$$00000009) for _printf_d
    stm32_esp32_main.o(.text) refers (Special) to _printf_f.o(.ARM.Collect$$_printf_percent$$00000003) for _printf_f
    stm32_esp32_main.o(.text) refers (Special) to _printf_dec.o(.text) for _printf_int_dec
    stm32_esp32_main.o(.text) refers (Special) to printf1.o(x$fpl$printf1) for _printf_fp_dec
    stm32_esp32_main.o(.text) refers (Special) to _printf_str.o(.text) for _printf_str
    stm32_esp32_main.o(.text) refers (Special) to _scanf_int.o(.text) for _scanf_int
    stm32_esp32_main.o(.text) refers (Special) to _scanf_str.o(.text) for _scanf_string
    stm32_esp32_main.o(.text.Delay_ms) refers (Special) to _printf_percent.o(.ARM.Collect$$_printf_percent$$00000000) for _printf_percent
    stm32_esp32_main.o(.text.Delay_ms) refers (Special) to _printf_s.o(.ARM.Collect$$_printf_percent$$00000014) for _printf_s
    stm32_esp32_main.o(.text.Delay_ms) refers (Special) to _printf_d.o(.ARM.Collect$$_printf_percent$$00000009) for _printf_d
    stm32_esp32_main.o(.text.Delay_ms) refers (Special) to _printf_f.o(.ARM.Collect$$_printf_percent$$00000003) for _printf_f
    stm32_esp32_main.o(.text.Delay_ms) refers (Special) to _printf_dec.o(.text) for _printf_int_dec
    stm32_esp32_main.o(.text.Delay_ms) refers (Special) to printf1.o(x$fpl$printf1) for _printf_fp_dec
    stm32_esp32_main.o(.text.Delay_ms) refers (Special) to _printf_str.o(.text) for _printf_str
    stm32_esp32_main.o(.text.Delay_ms) refers (Special) to _scanf_int.o(.text) for _scanf_int
    stm32_esp32_main.o(.text.Delay_ms) refers (Special) to _scanf_str.o(.text) for _scanf_string
    stm32_esp32_main.o(.ARM.exidx.text.Delay_ms) refers (Special) to _printf_percent.o(.ARM.Collect$$_printf_percent$$00000000) for _printf_percent
    stm32_esp32_main.o(.ARM.exidx.text.Delay_ms) refers (Special) to _printf_s.o(.ARM.Collect$$_printf_percent$$00000014) for _printf_s
    stm32_esp32_main.o(.ARM.exidx.text.Delay_ms) refers (Special) to _printf_d.o(.ARM.Collect$$_printf_percent$$00000009) for _printf_d
    stm32_esp32_main.o(.ARM.exidx.text.Delay_ms) refers (Special) to _printf_f.o(.ARM.Collect$$_printf_percent$$00000003) for _printf_f
    stm32_esp32_main.o(.ARM.exidx.text.Delay_ms) refers (Special) to _printf_dec.o(.text) for _printf_int_dec
    stm32_esp32_main.o(.ARM.exidx.text.Delay_ms) refers (Special) to printf1.o(x$fpl$printf1) for _printf_fp_dec
    stm32_esp32_main.o(.ARM.exidx.text.Delay_ms) refers (Special) to _printf_str.o(.text) for _printf_str
    stm32_esp32_main.o(.ARM.exidx.text.Delay_ms) refers (Special) to _scanf_int.o(.text) for _scanf_int
    stm32_esp32_main.o(.ARM.exidx.text.Delay_ms) refers (Special) to _scanf_str.o(.text) for _scanf_string
    stm32_esp32_main.o(.ARM.exidx.text.Delay_ms) refers to stm32_esp32_main.o(.text.Delay_ms) for [Anonymous Symbol]
    stm32_esp32_main.o(.text.USART1_IRQHandler) refers (Special) to _printf_percent.o(.ARM.Collect$$_printf_percent$$00000000) for _printf_percent
    stm32_esp32_main.o(.text.USART1_IRQHandler) refers (Special) to _printf_s.o(.ARM.Collect$$_printf_percent$$00000014) for _printf_s
    stm32_esp32_main.o(.text.USART1_IRQHandler) refers (Special) to _printf_d.o(.ARM.Collect$$_printf_percent$$00000009) for _printf_d
    stm32_esp32_main.o(.text.USART1_IRQHandler) refers (Special) to _printf_f.o(.ARM.Collect$$_printf_percent$$00000003) for _printf_f
    stm32_esp32_main.o(.text.USART1_IRQHandler) refers (Special) to _printf_dec.o(.text) for _printf_int_dec
    stm32_esp32_main.o(.text.USART1_IRQHandler) refers (Special) to printf1.o(x$fpl$printf1) for _printf_fp_dec
    stm32_esp32_main.o(.text.USART1_IRQHandler) refers (Special) to _printf_str.o(.text) for _printf_str
    stm32_esp32_main.o(.text.USART1_IRQHandler) refers (Special) to _scanf_int.o(.text) for _scanf_int
    stm32_esp32_main.o(.text.USART1_IRQHandler) refers (Special) to _scanf_str.o(.text) for _scanf_string
    stm32_esp32_main.o(.text.USART1_IRQHandler) refers to stm32f10x_usart.o(.text.USART_GetITStatus) for USART_GetITStatus
    stm32_esp32_main.o(.text.USART1_IRQHandler) refers to stm32f10x_usart.o(.text.USART_ReceiveData) for USART_ReceiveData
    stm32_esp32_main.o(.text.USART1_IRQHandler) refers to stm32_esp32_main.o(.bss.rx_index) for rx_index
    stm32_esp32_main.o(.text.USART1_IRQHandler) refers to stm32_esp32_main.o(.bss.rx_buffer) for rx_buffer
    stm32_esp32_main.o(.text.USART1_IRQHandler) refers to stm32_esp32_main.o(.bss.cmd_ready) for cmd_ready
[...]
    .ARM.Collect$$libshutdown$$00000002      0x080001c4   Section        0  libshutdown2.o(.ARM.Collect$$libshutdown$$00000002)
    .ARM.Collect$$libshutdown$$00000004      0x080001c4   Section        0  libshutdown2.o(.ARM.Collect$$libshutdown$$00000004)
    .ARM.Collect$$libshutdown$$00000007      0x080001c4   Section        0  libshutdown2.o(.ARM.Collect$$libshutdown$$00000007)
    .ARM.Collect$$libshutdown$$0000000A      0x080001c4   Section        0  libshutdown2.o(.ARM.Collect$$libshutdown$$0000000A)
    .ARM.Collect$$libshutdown$$0000000C      0x080001c4   Section        0  libshutdown2.o(.ARM.Collect$$libshutdown$$0000000C)
    .ARM.Collect$$libshutdown$$0000000F      0x080001c4   Section        0  libshutdown2.o(.ARM.Collect$$libshutdown$$0000000F)
    .ARM.Collect$$libshutdown$$00000010      0x080001c4   Section        2  libshutdown2.o(.ARM.Collect$$libshutdown$$00000010)
    .ARM.Collect$$rtentry$$00000000          0x080001c6   Section        0  __rtentry.o(.ARM.Collect$$rtentry$$00000000)
    .ARM.Collect$$rtentry$$00000002          0x080001c6   Section        0  __rtentry2.o(.ARM.Collect$$rtentry$$00000002)
    .ARM.Collect$$rtentry$$00000004          0x080001c6   Section        6  __rtentry4.o(.ARM.Collect$$rtentry$$00000004)
    .ARM.Collect$$rtentry$$00000009          0x080001cc   Section        0  __rtentry2.o(.ARM.Collect$$rtentry$$00000009)
    .ARM.Collect$$rtentry$$0000000A          0x080001cc   Section        4  __rtentry2.o(.ARM.Collect$$rtentry$$0000000A)
    .ARM.Collect$$rtentry$$0000000C          0x080001d0   Section        0  __rtentry2.o(.ARM.Collect$$rtentry$$0000000C)
    .ARM.Collect$$rtentry$$0000000D          0x080001d0   Section        8  __rtentry2.o(.ARM.Collect$$rtentry$$0000000D)
    .ARM.Collect$$rtexit$$00000000           0x080001d8   Section        2  rtexit.o(.ARM.Collect$$rtexit$$00000000)
    .ARM.Collect$$rtexit$$00000002           0x080001da   Section        0  rtexit2.o(.ARM.Collect$$rtexit$$00000002)
    .ARM.Collect$$rtexit$$00000003           0x080001da   Section        4  rtexit2.o(.ARM.Collect$$rtexit$$00000003)
    .ARM.Collect$$rtexit$$00000004           0x080001de   Section        6  rtexit2.o(.ARM.Collect$$rtexit$$00000004)
    .text                                    0x080001e4   Section       64  startup_stm32f10x_md.o(.text)
    .text                                    0x08000224   Section        0  noretval__2sprintf.o(.text)
    .text                                    0x0800024c   Section        0  _printf_str.o(.text)
    .text                                    0x080002a0   Section        0  _printf_dec.o(.text)
    .text                                    0x08000318   Section        0  __printf_wp.o(.text)
    .text                                    0x08000428   Section        0  __0sscanf.o(.text)
    .text                                    0x08000464   Section        0  _scanf_int.o(.text)
    .text                                    0x080005b0   Section        0  _scanf_str.o(.text)
    .text                                    0x08000690   Section        0  strstr.o(.text)
    .text                                    0x080006b4   Section        0  strcpy.o(.text)
    .text                                    0x080006fc   Section        0  strncmp.o(.text)
    .text                                    0x08000792   Section       78  rt_memclr_w.o(.text)
    .text                                    0x080007e0   Section      128  strcmpv7m.o(.text)
    .text                                    0x08000860   Section        0  heapauxi.o(.text)
    .text                                    0x08000866   Section        0  _printf_intcommon.o(.text)
    _fp_digits                               0x08000919   Thumb Code   432  _printf_fp_dec.o(.text)
    .text                                    0x08000918   Section        0  _printf_fp_dec.o(.text)
    _printf_input_char                       0x08000d35   Thumb Code    10  _printf_char_common.o(.text)
    .text                                    0x08000d34   Section        0  _printf_char_common.o(.text)
    .text                                    0x08000d64   Section        0  _sputc.o(.text)
    .text                                    0x08000d6e   Section        0  _printf_char.o(.text)
    .text                                    0x08000d9a   Section        0  _chval.o(.text)
    _scanf_char_input                        0x08000db9   Thumb Code    12  scanf_char.o(.text)
    .text                                    0x08000db8   Section        0  scanf_char.o(.text)
    .text                                    0x08000de4   Section        0  _sgetc.o(.text)
    .text                                    0x08000e24   Section        8  rt_locale_intlibspace.o(.text)
    .text                                    0x08000e2c   Section      138  lludiv10.o(.text)
    .text                                    0x08000eb6   Section        0  isspace.o(.text)
    .text                                    0x08000ec8   Section        0  _printf_fp_infnan.o(.text)
    .text                                    0x08000f48   Section        0  _scanf.o(.text)
    .text                                    0x080012bc   Section        0  bigflt0.o(.text)
    .text                                    0x080013a0   Section        8  libspace.o(.text)
    .text                                    0x080013a8   Section       74  sys_stackheap_outer.o(.text)
    .text                                    0x080013f4   Section       16  rt_ctype_table.o(.text)
    .text                                    0x08001404   Section        0  exit.o(.text)
    .text                                    0x08001418   Section        0  sys_exit.o(.text)
    .text                                    0x08001424   Section        2  use_no_semi.o(.text)
    .text                                    0x08001426   Section        0  indicate_semi.o(.text)
    [Anonymous Symbol]                       0x08001428   Section        0  dien_dung.o(.text.ADC1_Read_Channel)
    [Anonymous Symbol]                       0x08001460   Section        0  dien_dung.o(.text.ADC1_Register_Init_Calibrated)
    [Anonymous Symbol]                       0x08001500   Section        0  stm32_esp32_main.o(.text.Add_Plant)
    [Anonymous Symbol]                       0x080015c4   Section        0  bh1750.o(.text.BH1750_Init)
    [Anonymous Symbol]                       0x080015dc   Section        0  bh1750.o(.text.BH1750_ReadLux)
    [Anonymous Symbol]                       0x080015f8   Section        0  stm32_esp32_main.o(.text.Delete_Plant)
    [Anonymous Symbol]                       0x0800167c   Section        0  stm32f10x_gpio.o(.text.GPIO_Init)
    [Anonymous Symbol]                       0x08001738   Section        0  stm32f10x_gpio.o(.text.GPIO_PinRemapConfig)
    [Anonymous Symbol]                       0x080017b8   Section        0  stm32f10x_gpio.o(.text.GPIO_ResetBits)
    [Anonymous Symbol]                       0x080017bc   Section        0  stm32f10x_gpio.o(.text.GPIO_SetBits)
    [Anonymous Symbol]                       0x080017c0   Section        0  systick.o(.text.Get_Current_Time_MS)
    [Anonymous Symbol]                       0x080017cc   Section        0  hcsr04.o(.text.HCSR04_Init)
    [Anonymous Symbol]                       0x08001894   Section        0  hcsr04.o(.text.HCSR04_Trigger)
    [Anonymous Symbol]                       0x08001904   Section        0  hdc_1018.o(.text.HDC1080_Init)
    [Anonymous Symbol]                       0x080019dc   Section        0  hdc_1018.o(.text.HDC1080_ReadHumidityRaw)
    [Anonymous Symbol]                       0x08001b4c   Section        0  hdc_1018.o(.text.HDC1080_ReadTemperatureRaw)
    [Anonymous Symbol]                       0x08001cb8   Section        0  stm32_esp32_main.o(.text.HandleAutoWatering)
    [Anonymous Symbol]                       0x08001df0   Section        0  stm32_esp32_main.o(.text.HandleWaterAllLogic)
    [Anonymous Symbol]                       0x08001fcc   Section        0  stm32_esp32_main.o(.text.HandleWaterOnce)
    [Anonymous Symbol]                       0x08002130   Section        0  hdc_1018.o(.text.I2C1_Init)
    [Anonymous Symbol]                       0x0800219c   Section        0  bh1750.o(.text.I2C2_Init)
    [Anonymous Symbol]                       0x080021fc   Section        0  bh1750.o(.text.I2C2_Read2Bytes)
    [Anonymous Symbol]                       0x0800229c   Section        0  bh1750.o(.text.I2C2_WriteByte)
    [Anonymous Symbol]                       0x0800231c   Section        0  stm32f10x_i2c.o(.text.I2C_AcknowledgeConfig)
    [Anonymous Symbol]                       0x08002330   Section        0  stm32f10x_i2c.o(.text.I2C_CheckEvent)
    [Anonymous Symbol]                       0x08002348   Section        0  stm32f10x_i2c.o(.text.I2C_Cmd)
    [Anonymous Symbol]                       0x0800235c   Section        0  stm32f10x_i2c.o(.text.I2C_DeInit)
    [Anonymous Symbol]                       0x08002388   Section        0  stm32f10x_i2c.o(.text.I2C_GenerateSTART)
    [Anonymous Symbol]                       0x0800239c   Section        0  stm32f10x_i2c.o(.text.I2C_GenerateSTOP)
    [Anonymous Symbol]                       0x080023b0   Section        0  stm32f10x_i2c.o(.text.I2C_GetFlagStatus)
    [Anonymous Symbol]                       0x080023e4   Section        0  stm32f10x_i2c.o(.text.I2C_Init)
    [Anonymous Symbol]                       0x080024b0   Section        0  stm32f10x_i2c.o(.text.I2C_ReceiveData)
    [Anonymous Symbol]                       0x080024b8   Section        0  stm32f10x_i2c.o(.text.I2C_Send7bitAddress)
    [Anonymous Symbol]                       0x080024c8   Section        0  stm32f10x_i2c.o(.text.I2C_SendData)
    [Anonymous Symbol]                       0x080024cc   Section        0  nvic.o(.text.NVIC_Config_TIM2)
    [Anonymous Symbol]                       0x080024e4   Section        0  nvic.o(.text.NVIC_Config_USART1)
    [Anonymous Symbol]                       0x080024fc   Section        0  stm32_esp32_main.o(.text.ProcessCommand)
    [Anonymous Symbol]                       0x0800290c   Section        0  stm32f10x_rcc.o(.text.RCC_APB1PeriphClockCmd)
    [Anonymous Symbol]                       0x08002924   Section        0  stm32f10x_rcc.o(.text.RCC_APB1PeriphResetCmd)
    [Anonymous Symbol]                       0x0800293c   Section        0  stm32f10x_rcc.o(.text.RCC_APB2PeriphClockCmd)
    [Anonymous Symbol]                       0x08002954   Section        0  stm32f10x_rcc.o(.text.RCC_GetClocksFreq)
    [Anonymous Symbol]                       0x080029e0   Section        0  sysclk.o(.text.SYSCLK_INIT)
    [Anonymous Symbol]                       0x08002a9c   Section        0  systick.o(.text.SysTick_Handler)
    [Anonymous Symbol]                       0x08002adc   Section        0  systick.o(.text.SysTick_Init)
    [Anonymous Symbol]                       0x08002b14   Section        0  system_stm32f10x.o(.text.SystemInit)
    [Anonymous Symbol]                       0x08002c20   Section        0  hcsr04.o(.text.TIM2_IRQHandler)
    [Anonymous Symbol]                       0x08002ce0   Section        0  uart_config.o(.text.USART1_Config)
    [Anonymous Symbol]                       0x08002d44   Section        0  stm32_esp32_main.o(.text.USART1_IRQHandler)
    [Anonymous Symbol]                       0x08002dd0   Section        0  uart_config.o(.text.USART1_SendString)
    [Anonymous Symbol]                       0x08002df4   Section        0  stm32f10x_usart.o(.text.USART_GetITStatus)
    [Anonymous Symbol]                       0x08002e28   Section        0  stm32f10x_usart.o(.text.USART_ReceiveData)
    [Anonymous Symbol]                       0x08002e30   Section        0  stm32_esp32_main.o(.text.main)
    [Anonymous Symbol]                       0x0800334c   Section        0  stm32_esp32_main.o(.text.set_auto_status)
    [Anonymous Symbol]                       0x080033ec   Section        0  stm32_esp32_main.o(.text.set_soil_schedule)
    [Anonymous Symbol]                       0x08003444   Section        0  stm32_esp32_main.o(.text.set_water_amount_schedule)
    [Anonymous Symbol]                       0x080034b0   Section        0  stm32_esp32_main.o(.text.water_once)
    [Anonymous Symbol]                       0x08003500   Section        0  stm32_esp32_main.o(.text.water_refill)
    CL$$btod_d2e                             0x080036d8   Section       62  btod.o(CL$$btod_d2e)
    CL$$btod_d2e_denorm_low                  0x08003716   Section       70  btod.o(CL$$btod_d2e_denorm_low)
    CL$$btod_d2e_norm_op1                    0x0800375c   Section       96  btod.o(CL$$btod_d2e_norm_op1)
    CL$$btod_div_common                      0x080037bc   Section      824  btod.o(CL$$btod_div_common)
    CL$$btod_e2e                             0x08003af4   Section      220  btod.o(CL$$btod_e2e)
    CL$$btod_ediv                            0x08003bd0   Section       42  btod.o(CL$$btod_ediv)
    CL$$btod_emul                            0x08003bfa   Section       42  btod.o(CL$$btod_emul)
    CL$$btod_mult_common                     0x08003c24   Section      580  btod.o(CL$$btod_mult_common)
    i.__ARM_fpclassify                       0x08003e68   Section        0  fpclassify.o(i.__ARM_fpclassify)
    i._is_digit                              0x08003e90   Section        0  __printf_wp.o(i._is_digit)
    locale$$code                             0x08003ea0   Section       44  lc_numeric_c.o(locale$$code)
    locale$$code                             0x08003ecc   Section       44  lc_ctype_c.o(locale$$code)
    x$fpl$d2f                                0x08003ef8   Section       98  d2f.o(x$fpl$d2f)
    x$fpl$dadd                               0x08003f5c   Section      336  daddsub_clz.o(x$fpl$dadd)
    _dadd1                                   0x08003f6d   Thumb Code     0  daddsub_clz.o(x$fpl$dadd)
    x$fpl$dfltu                              0x080040ac   Section       38  dflt_clz.o(x$fpl$dfltu)
    x$fpl$dmul                               0x080040d4   Section      340  dmul.o(x$fpl$dmul)
    x$fpl$dnaninf                            0x08004228   Section      156  dnaninf.o(x$fpl$dnaninf)
    x$fpl$dretinf                            0x080042c4   Section       12  dretinf.o(x$fpl$dretinf)
    x$fpl$dsub                               0x080042d0   Section      476  daddsub_clz.o(x$fpl$dsub)
    _dsub1                                   0x080042e1   Thumb Code     0  daddsub_clz.o(x$fpl$dsub)
    x$fpl$f2d                                0x080044ac   Section       86  f2d.o(x$fpl$f2d)
    x$fpl$fadd                               0x08004504   Section      196  faddsub_clz.o(x$fpl$fadd)
    _fadd1                                   0x08004513   Thumb Code     0  faddsub_clz.o(x$fpl$fadd)
    x$fpl$fcmp                               0x080045c8   Section       84  fcmp.o(x$fpl$fcmp)
    x$fpl$fcmpinf                            0x0800461c   Section       24  fcmpi.o(x$fpl$fcmpinf)
    _fdiv1                                   0x08004635   Thumb Code     0  fdiv.o(x$fpl$fdiv)
    x$fpl$fdiv                               0x08004634   Section      388  fdiv.o(x$fpl$fdiv)
    x$fpl$feqf                               0x080047b8   Section      104  feqf.o(x$fpl$feqf)
    x$fpl$ffix                               0x08004820   Section       54  ffix.o(x$fpl$ffix)
    x$fpl$ffixu                              0x08004858   Section       62  ffixu.o(x$fpl$ffixu)
    x$fpl$fflt                               0x08004898   Section       48  fflt_clz.o(x$fpl$fflt)
    x$fpl$ffltu                              0x080048c8   Section       38  fflt_clz.o(x$fpl$ffltu)
    x$fpl$fgeqf                              0x080048f0   Section      104  fgeqf.o(x$fpl$fgeqf)
    x$fpl$fleqf                              0x08004958   Section      104  fleqf.o(x$fpl$fleqf)
    x$fpl$fmul                               0x080049c0   Section      258  fmul.o(x$fpl$fmul)
    x$fpl$fnaninf                            0x08004ac2   Section      140  fnaninf.o(x$fpl$fnaninf)
    x$fpl$fretinf                            0x08004b4e   Section       10  fretinf.o(x$fpl$fretinf)
    x$fpl$fsub                               0x08004b58   Section      234  faddsub_clz.o(x$fpl$fsub)
    _fsub1                                   0x08004b67   Thumb Code     0  faddsub_clz.o(x$fpl$fsub)
    x$fpl$printf1                            0x08004c42   Section        4  printf1.o(x$fpl$printf1)
    x$fpl$usenofp                            0x08004c46   Section        0  usenofp.o(x$fpl$usenofp)
    tenpwrs_x                                0x08004c48   Data          60  bigflt0.o(.constdata)
    .constdata                               0x08004c48   Section      148  bigflt0.o(.constdata)
    tenpwrs_i                                0x08004c84   Data          64  bigflt0.o(.constdata)
    ADCPrescTable                            0x08004cdc   Data           4  stm32f10x_rcc.o(.rodata.ADCPrescTable)
    [Anonymous Symbol]                       0x08004cdc   Section        0  stm32f10x_rcc.o(.rodata.ADCPrescTable)
    APBAHBPrescTable                         0x08004ce0   Data          16  stm32f10x_rcc.o(.rodata.APBAHBPrescTable)
    [Anonymous Symbol]                       0x08004ce0   Section        0  stm32f10x_rcc.o(.rodata.APBAHBPrescTable)
    .L.str.25                                0x08004cf0   Data          20  stm32_esp32_main.o(.rodata.str1.1)
    [Anonymous Symbol]                       0x08004cf0   Section        0  stm32_esp32_main.o(.rodata.str1.1)
    .L.str.40                                0x08004d04   Data          33  stm32_esp32_main.o(.rodata.str1.1)
    .L.str.13                                0x08004d25   Data          62  stm32_esp32_main.o(.rodata.str1.1)
    .L.str.14                                0x08004d63   Data          59  stm32_esp32_main.o(.rodata.str1.1)
    .L.str.37                                0x08004d9e   Data          82  stm32_esp32_main.o(.rodata.str1.1)
    .L.str.6                                 0x08004df0   Data          58  stm32_esp32_main.o(.rodata.str1.1)
    .L.str.16                                0x08004e2a   Data          64  stm32_esp32_main.o(.rodata.str1.1)
    .L.str.12                                0x08004e6a   Data          76  stm32_esp32_main.o(.rodata.str1.1)
    .L.str.23                                0x08004eb6   Data          75  stm32_esp32_main.o(.rodata.str1.1)
    .L.str.39                                0x08004f01   Data          79  stm32_esp32_main.o(.rodata.str1.1)
    .L.str.27                                0x08004f50   Data          99  stm32_esp32_main.o(.rodata.str1.1)
    .L.str.38                                0x08004fb3   Data          88  stm32_esp32_main.o(.rodata.str1.1)
    .L.str.31                                0x0800500b   Data          69  stm32_esp32_main.o(.rodata.str1.1)
    .L.str.17                                0x08005050   Data          75  stm32_esp32_main.o(.rodata.str1.1)
    .L.str.32                                0x0800509b   Data          66  stm32_esp32_main.o(.rodata.str1.1)
    .L.str.8                                 0x080050dd   Data          13  stm32_esp32_main.o(.rodata.str1.1)
    .L.str.9                                 0x080050ea   Data           9  stm32_esp32_main.o(.rodata.str1.1)
    .L.str.20                                0x080050f3   Data          22  stm32_esp32_main.o(.rodata.str1.1)
    .L.str.7                                 0x08005109   Data          24  stm32_esp32_main.o(.rodata.str1.1)
    .L.str.15                                0x08005121   Data          24  stm32_esp32_main.o(.rodata.str1.1)
    .L.str.21                                0x08005139   Data          18  stm32_esp32_main.o(.rodata.str1.1)
    .L.str.18                                0x0800514b   Data           8  stm32_esp32_main.o(.rodata.str1.1)
    .L.str.24                                0x08005153   Data          16  stm32_esp32_main.o(.rodata.str1.1)
    .L.str.10                                0x08005163   Data           6  stm32_esp32_main.o(.rodata.str1.1)
    .L.str.22                                0x08005169   Data           3  stm32_esp32_main.o(.rodata.str1.1)
    .L.str.19                                0x0800516c   Data          12  stm32_esp32_main.o(.rodata.str1.1)
    locale$$data                             0x08005198   Section       28  lc_numeric_c.o(locale$$data)
    __lcnum_c_name                           0x0800519c   Data           2  lc_numeric_c.o(locale$$data)
    __lcnum_c_start                          0x080051a4   Data           0  lc_numeric_c.o(locale$$data)
    __lcnum_c_point                          0x080051b0   Data           0  lc_numeric_c.o(locale$$data)
    __lcnum_c_thousands                      0x080051b2   Data           0  lc_numeric_c.o(locale$$data)
    __lcnum_c_grouping                       0x080051b3   Data           0  lc_numeric_c.o(locale$$data)
    __lcnum_c_end                            0x080051b4   Data           0  lc_numeric_c.o(locale$$data)
    locale$$data                             0x080051b4   Section      272  lc_ctype_c.o(locale$$data)
    __lcctype_c_name                         0x080051b8   Data           2  lc_ctype_c.o(locale$$data)
    __lcctype_c_start                        0x080051c0   Data           0  lc_ctype_c.o(locale$$data)
    __lcctype_c_end                          0x080052c4   Data           0  lc_ctype_c.o(locale$$data)
    .bss                                     0x20000010   Section       96  libspace.o(.bss)
    ms_counter                               0x200000ec   Data           4  systick.o(.bss.ms_counter)
    [Anonymous Symbol]                       0x200000ec   Section        0  systick.o(.bss.ms_counter)
    toggle_timer                             0x200001cc   Data           4  systick.o(.bss.toggle_timer)
    [Anonymous Symbol]                       0x200001cc   Section        0  systick.o(.bss.toggle_timer)
    Heap_Mem                                 0x200001d8   Data         512  startup_stm32f10x_md.o(HEAP)
    HEAP                                     0x200001d8   Section      512  startup_stm32f10x_md.o(HEAP)
    Stack_Mem                                0x200003d8   Data        1024  startup_stm32f10x_md.o(STACK)
    STACK                                    0x200003d8   Section     1024  startup_stm32f10x_md.o(STACK)
    __initial_sp                             0x200007d8   Data           0  startup_stm32f10x_md.o(STACK)

    Global Symbols

    Symbol Name                              Value     Ov Type        Size  Object(Section)

    BuildAttributes$$THM_ISAv4$P$D$K$B$S$PE$A:L22UL41UL21$X:L11$S22US41US21$IEEE1$IW$~IW$USESV6$~STKCKD$USESV7$~SHL$OTIME$ROPI$IEEEJ$EBA8$UX$STANDARDLIB$REQ8$PRES8$EABIv2 0x00000000   Number         0  anon$$obj.o ABSOLUTE
    __fp_init_empty                          0x00000000   Number         0  fpinit_empty.o ABSOLUTE
    _printf_flags                            0x00000000   Number         0  printf_stubs.o ABSOLUTE
    _printf_return_value                     0x00000000   Number         0  printf_stubs.o ABSOLUTE
    _printf_sizespec                         0x00000000   Number         0  printf_stubs.o ABSOLUTE
    _printf_widthprec                        0x00000000   Number         0  printf_stubs.o ABSOLUTE
    __ARM_exceptions_init                     - Undefined Weak Reference
    __alloca_initialize                       - Undefined Weak Reference
    __arm_preinit_                            - Undefined Weak Reference
    __arm_relocate_pie_                       - Undefined Weak Reference
    __cpp_initialize__aeabi_                  - Undefined Weak Reference
    __cxa_finalize                            - Undefined Weak Reference
    __sigvec_lookup                           - Undefined Weak Reference
    _atexit_init                              - Undefined Weak Reference
    _call_atexit_fns                          - Undefined Weak Reference
    _clock_init                               - Undefined Weak Reference
    _fp_trap_init                             - Undefined Weak Reference
    _fp_trap_shutdown                         - Undefined Weak Reference
    _get_lc_collate                           - Undefined Weak Reference
    _get_lc_monetary                          - Undefined Weak Reference
    _get_lc_time                              - Undefined Weak Reference
    _getenv_init                              - Undefined Weak Reference
    _handle_redirection                       - Undefined Weak Reference
    _init_alloc                               - Undefined Weak Reference
    _init_user_alloc                          - Undefined Weak Reference
    _initio                                   - Undefined Weak Reference
    _printf_mbtowc                            - Undefined Weak Reference
    _printf_post_padding                      - Undefined Weak Reference
    _printf_pre_padding                       - Undefined Weak Reference
    _printf_truncate_signed                   - Undefined Weak Reference
    _printf_truncate_unsigned                 - Undefined Weak Reference
    _rand_init                                - Undefined Weak Reference
    _scanf_longlong                           - Undefined Weak Reference
    _scanf_mbtowc                             - Undefined Weak Reference
    _scanf_real                               - Undefined Weak Reference
    _scanf_wctomb                             - Undefined Weak Reference
    _scanf_wstring                            - Undefined Weak Reference
    _signal_finish                            - Undefined Weak Reference
    _signal_init                              - Undefined Weak Reference
    _terminate_alloc                          - Undefined Weak Reference
    _terminate_user_alloc                     - Undefined Weak Reference
    _terminateio                              - Undefined Weak Reference
    __Vectors_Size                           0x000000ec   Number         0  startup_stm32f10x_md.o ABSOLUTE
    __Vectors                                0x08000000   Data           4  startup_stm32f10x_md.o(RESET)
    __Vectors_End                            0x080000ec   Data           0  startup_stm32f10x_md.o(RESET)
    __main                                   0x080000ed   Thumb Code     8  __main.o(!!!main)
    __scatterload                            0x080000f5   Thumb Code     0  __scatter.o(!!!scatter)
    __scatterload_rt2                        0x080000f5   Thumb Code    84  __scatter.o(!!!scatter)
    __scatterload_rt2_thumb_only             0x080000f5   Thumb Code     0  __scatter.o(!!!scatter)
    __scatterload_loop                       0x080000ff   Thumb Code     0  __scatter.o(!!!scatter)
    __scatterload_copy                       0x08000151   Thumb Code    26  __scatter_copy.o(!!handler_copy)
    __scatterload_null                       0x0800016d   Thumb Code     2  __scatter.o(!!handler_null)
    __scatterload_zeroinit                   0x08000171   Thumb Code    28  __scatter_zi.o(!!handler_zi)
    _printf_f                                0x0800018d   Thumb Code     0  _printf_f.o(.ARM.Collect$$_printf_percent$$00000003)
    _printf_percent                          0x0800018d   Thumb Code     0  _printf_percent.o(.ARM.Collect$$_printf_percent$$00000000)
    _printf_d                                0x08000193   Thumb Code     0  _printf_d.o(.ARM.Collect$$_printf_percent$$00000009)
    _printf_s                                0x08000199   Thumb Code     0  _printf_s.o(.ARM.Collect$$_printf_percent$$00000014)
    _printf_percent_end                      0x0800019f   Thumb Code     0  _printf_percent_end.o(.ARM.Collect$$_printf_percent$$00000017)
    __rt_lib_init                            0x080001a3   Thumb Code     0  libinit.o(.ARM.Collect$$libinit$$00000000)
    __rt_lib_init_fp_1                       0x080001a5   Thumb Code     0  libinit2.o(.ARM.Collect$$libinit$$00000002)
    __rt_lib_init_heap_1                     0x080001a5   Thumb Code     0  libinit2.o(.ARM.Collect$$libinit$$0000000C)
    __rt_lib_init_lc_common                  0x080001a5   Thumb Code     0  libinit2.o(.ARM.Collect$$libinit$$00000011)
    __rt_lib_init_preinit_1                  0x080001a5   Thumb Code     0  libinit2.o(.ARM.Collect$$libinit$$00000006)
    __rt_lib_init_rand_1                     0x080001a5   Thumb Code     0  libinit2.o(.ARM.Collect$$libinit$$00000010)
    __rt_lib_init_relocate_pie_1             0x080001a5   Thumb Code     0  libinit2.o(.ARM.Collect$$libinit$$00000004)
    __rt_lib_init_user_alloc_1               0x080001a5   Thumb Code     0  libinit2.o(.ARM.Collect$$libinit$$0000000E)
    __rt_lib_init_lc_collate_1               0x080001ab   Thumb Code     0  libinit2.o(.ARM.Collect$$libinit$$00000013)
    __rt_lib_init_lc_ctype_2                 0x080001ab   Thumb Code     0  libinit2.o(.ARM.Collect$$libinit$$00000014)
    __rt_lib_init_lc_ctype_1                 0x080001b7   Thumb Code     0  libinit2.o(.ARM.Collect$$libinit$$00000015)
    __rt_lib_init_lc_monetary_1              0x080001b7   Thumb Code     0  libinit2.o(.ARM.Collect$$libinit$$00000017)
    __rt_lib_init_lc_numeric_2               0x080001b7   Thumb Code     0  libinit2.o(.ARM.Collect$$libinit$$00000018)
    __rt_lib_init_alloca_1                   0x080001c1   Thumb Code     0  libinit2.o(.ARM.Collect$$libinit$$00000030)
    __rt_lib_init_argv_1                     0x080001c1   Thumb Code     0  libinit2.o(.ARM.Collect$$libinit$$0000002E)
    __rt_lib_init_atexit_1                   0x080001c1   Thumb Code     0  libinit2.o(.ARM.Collect$$libinit$$0000001D)
    __rt_lib_init_clock_1                    0x080001c1   Thumb Code     0  libinit2.o(.ARM.Collect$$libinit$$00000023)
    __rt_lib_init_cpp_1                      0x080001c1   Thumb Code     0  libinit2.o(.ARM.Collect$$libinit$$00000034)
    __rt_lib_init_exceptions_1               0x080001c1   Thumb Code     0  libinit2.o(.ARM.Collect$$libinit$$00000032)
    __rt_lib_init_fp_trap_1                  0x080001c1   Thumb Code     0  libinit2.o(.ARM.Collect$$libinit$$00000021)
    __rt_lib_init_getenv_1                   0x080001c1   Thumb Code     0  libinit2.o(.ARM.Collect$$libinit$$00000025)
    __rt_lib_init_lc_numeric_1               0x080001c1   Thumb Code     0  libinit2.o(.ARM.Collect$$libinit$$00000019)
    __rt_lib_init_lc_time_1                  0x080001c1   Thumb Code     0  libinit2.o(.ARM.Collect$$libinit$$0000001B)
    __rt_lib_init_return                     0x080001c1   Thumb Code     0  libinit2.o(.ARM.Collect$$libinit$$00000035)
    __rt_lib_init_signal_1                   0x080001c1   Thumb Code     0  libinit2.o(.ARM.Collect$$libinit$$0000001F)
    __rt_lib_init_stdio_1                    0x080001c1   Thumb Code     0  libinit2.o(.ARM.Collect$$libinit$$00000027)
    __rt_lib_shutdown                        0x080001c3   Thumb Code     0  libshutdown.o(.ARM.Collect$$libshutdown$$00000000)
    __rt_lib_shutdown_cpp_1                  0x080001c5   Thumb Code     0  libshutdown2.o(.ARM.Collect$$libshutdown$$00000002)
    __rt_lib_shutdown_fp_trap_1              0x080001c5   Thumb Code     0  libshutdown2.o(.ARM.Collect$$libshutdown$$00000007)
    __rt_lib_shutdown_heap_1                 0x080001c5   Thumb Code     0  libshutdown2.o(.ARM.Collect$$libshutdown$$0000000F)
    __rt_lib_shutdown_return                 0x080001c5   Thumb Code     0  libshutdown2.o(.ARM.Collect$$libshutdown$$00000010)
    __rt_lib_shutdown_signal_1               0x080001c5   Thumb Code     0  libshutdown2.o(.ARM.Collect$$libshutdown$$0000000A)
    __rt_lib_shutdown_stdio_1                0x080001c5   Thumb Code     0  libshutdown2.o(.ARM.Collect$$libshutdown$$00000004)
    __rt_lib_shutdown_user_alloc_1           0x080001c5   Thumb Code     0  libshutdown2.o(.ARM.Collect$$libshutdown$$0000000C)
    __rt_entry                               0x080001c7   Thumb Code     0  __rtentry.o(.ARM.Collect$$rtentry$$00000000)
    __rt_entry_presh_1                       0x080001c7   Thumb Code     0  __rtentry2.o(.ARM.Collect$$rtentry$$00000002)
    __rt_entry_sh                            0x080001c7   Thumb Code     0  __rtentry4.o(.ARM.Collect$$rtentry$$00000004)
    __rt_entry_li                            0x080001cd   Thumb Code     0  __rtentry2.o(.ARM.Collect$$rtentry$$0000000A)
    __rt_entry_postsh_1                      0x080001cd   Thumb Code     0  __rtentry2.o(.ARM.Collect$$rtentry$$00000009)
    __rt_entry_main                          0x080001d1   Thumb Code     0  __rtentry2.o(.ARM.Collect$$rtentry$$0000000D)
    __rt_entry_postli_1                      0x080001d1   Thumb Code     0  __rtentry2.o(.ARM.Collect$$rtentry$$0000000C)
    __rt_exit                                0x080001d9   Thumb Code     0  rtexit.o(.ARM.Collect$$rtexit$$00000000)
    __rt_exit_ls                             0x080001db   Thumb Code     0  rtexit2.o(.ARM.Collect$$rtexit$$00000003)
    __rt_exit_prels_1                        0x080001db   Thumb Code     0  rtexit2.o(.ARM.Collect$$rtexit$$00000002)
    __rt_exit_exit                           0x080001df   Thumb Code     0  rtexit2.o(.ARM.Collect$$rtexit$$00000004)
    Reset_Handler                            0x080001e5   Thumb Code     8  startup_stm32f10x_md.o(.text)
    NMI_Handler                              0x080001ed   Thumb Code     2  startup_stm32f10x_md.o(.text)
    HardFault_Handler                        0x080001ef   Thumb Code     2  startup_stm32f10x_md.o(.text)
    MemManage_Handler                        0x080001f1   Thumb Code     2  startup_stm32f10x_md.o(.text)
    BusFault_Handler                         0x080001f3   Thumb Code     2  startup_stm32f10x_md.o(.text)
    UsageFault_Handler                       0x080001f5   Thumb Code     2  startup_stm32f10x_md.o(.text)
    SVC_Handler                              0x080001f7   Thumb Code     2  startup_stm32f10x_md.o(.text)
    DebugMon_Handler                         0x080001f9   Thumb Code     2  startup_stm32f10x_md.o(.text)
    PendSV_Handler                           0x080001fb   Thumb Code     2  startup_stm32f10x_md.o(.text)
    ADC1_2_IRQHandler                        0x080001ff   Thumb Code     0  startup_stm32f10x_md.o(.text)
    CAN1_RX1_IRQHandler                      0x080001ff   Thumb Code     0  startup_stm32f10x_md.o(.text)
    CAN1_SCE_IRQHandler                      0x080001ff   Thumb Code     0  startup_stm32f10x_md.o(.text)
    DMA1_Channel1_IRQHandler                 0x080001ff   Thumb Code     0  startup_stm32f10x_md.o(.text)
    DMA1_Channel2_IRQHandler                 0x080001ff   Thumb Code     0  startup_stm32f10x_md.o(.text)
    DMA1_Channel3_IRQHandler                 0x080001ff   Thumb Code     0  startup_stm32f10x_md.o(.text)
    DMA1_Channel4_IRQHandler                 0x080001ff   Thumb Code     0  startup_stm32f10x_md.o(.text)
    DMA1_Channel5_IRQHandler                 0x080001ff   Thumb Code     0  startup_stm32f10x_md.o(.text)
    DMA1_Channel6_IRQHandler                 0x080001ff   Thumb Code     0  startup_stm32f10x_md.o(.text)
    DMA1_Channel7_IRQHandler                 0x080001ff   Thumb Code     0  startup_stm32f10x_md.o(.text)
    EXTI0_IRQHandler                         0x080001ff   Thumb Code     0  startup_stm32f10x_md.o(.text)
    EXTI15_10_IRQHandler                     0x080001ff   Thumb Code     0  startup_stm32f10x_md.o(.text)
    EXTI1_IRQHandler                         0x080001ff   Thumb Code     0  startup_stm32f10x_md.o(.text)
    EXTI2_IRQHandler                         0x080001ff   Thumb Code     0  startup_stm32f10x_md.o(.text)
    EXTI3_IRQHandler                         0x080001ff   Thumb Code     0  startup_stm32f10x_md.o(.text)
    EXTI4_IRQHandler                         0x080001ff   Thumb Code     0  startup_stm32f10x_md.o(.text)
    EXTI9_5_IRQHandler                       0x080001ff   Thumb Code     0  startup_stm32f10x_md.o(.text)
    FLASH_IRQHandler                         0x080001ff   Thumb Code     0  startup_stm32f10x_md.o(.text)
    I2C1_ER_IRQHandler                       0x080001ff   Thumb Code     0  startup_stm32f10x_md.o(.text)
    I2C1_EV_IRQHandler                       0x080001ff   Thumb Code     0  startup_stm32f10x_md.o(.text)
    I2C2_ER_IRQHandler                       0x080001ff   Thumb Code     0  startup_stm32f10x_md.o(.text)
    I2C2_EV_IRQHandler                       0x080001ff   Thumb Code     0  startup_stm32f10x_md.o(.text)
    PVD_IRQHandler                           0x080001ff   Thumb Code     0  startup_stm32f10x_md.o(.text)
    RCC_IRQHandler                           0x080001ff   Thumb Code     0  startup_stm32f10x_md.o(.text)
    RTCAlarm_IRQHandler                      0x080001ff   Thumb Code     0  startup_stm32f10x_md.o(.text)
    RTC_IRQHandler                           0x080001ff   Thumb Code     0  startup_stm32f10x_md.o(.text)
    SPI1_IRQHandler                          0x080001ff   Thumb Code     0  startup_stm32f10x_md.o(.text)
    SPI2_IRQHandler                          0x080001ff   Thumb Code     0  startup_stm32f10x_md.o(.text)
    TAMPER_IRQHandler                        0x080001ff   Thumb Code     0  startup_stm32f10x_md.o(.text)
    TIM1_BRK_IRQHandler                      0x080001ff   Thumb Code     0  startup_stm32f10x_md.o(.text)
    TIM1_CC_IRQHandler                       0x080001ff   Thumb Code     0  startup_stm32f10x_md.o(.text)
    TIM1_TRG_COM_IRQHandler                  0x080001ff   Thumb Code     0  startup_stm32f10x_md.o(.text)
    TIM1_UP_IRQHandler                       0x080001ff   Thumb Code     0  startup_stm32f10x_md.o(.text)
    TIM3_IRQHandler                          0x080001ff   Thumb Code     0  startup_stm32f10x_md.o(.text)
    TIM4_IRQHandler                          0x080001ff   Thumb Code     0  startup_stm32f10x_md.o(.text)
    USART2_IRQHandler                        0x080001ff   Thumb Code     0  startup_stm32f10x_md.o(.text)
    USART3_IRQHandler                        0x080001ff   Thumb Code     0  startup_stm32f10x_md.o(.text)
    USBWakeUp_IRQHandler                     0x080001ff   Thumb Code     0  startup_stm32f10x_md.o(.text)
    USB_HP_CAN1_TX_IRQHandler                0x080001ff   Thumb Code     0  startup_stm32f10x_md.o(.text)
    USB_LP_CAN1_RX0_IRQHandler               0x080001ff   Thumb Code     0  startup_stm32f10x_md.o(.text)
    WWDG_IRQHandler                          0x080001ff   Thumb Code     0  startup_stm32f10x_md.o(.text)
    __user_initial_stackheap                 0x08000201   Thumb Code     0  startup_stm32f10x_md.o(.text)
    __2sprintf                               0x08000225   Thumb Code    34  noretval__2sprintf.o(.text)
    _printf_str                              0x0800024d   Thumb Code    82  _printf_str.o(.text)
    _printf_int_dec                          0x080002a1   Thumb Code   104  _printf_dec.o(.text)
    __printf                                 0x08000319   Thumb Code   270  __printf_wp.o(.text)
    __0sscanf                                0x08000429   Thumb Code    52  __0sscanf.o(.text)
    _scanf_int                               0x08000465   Thumb Code   332  _scanf_int.o(.text)
    _scanf_string                            0x080005b1   Thumb Code   224  _scanf_str.o(.text)
    strstr                                   0x08000691   Thumb Code    36  strstr.o(.text)
    strcpy                                   0x080006b5   Thumb Code    72  strcpy.o(.text)
    strncmp                                  0x080006fd   Thumb Code   150  strncmp.o(.text)
    __aeabi_memclr4                          0x08000793   Thumb Code     0  rt_memclr_w.o(.text)
    __aeabi_memclr8                          0x08000793   Thumb Code     0  rt_memclr_w.o(.text)
    __rt_memclr_w                            0x08000793   Thumb Code     0  rt_memclr_w.o(.text)
    _memset_w                                0x08000797   Thumb Code    74  rt_memclr_w.o(.text)
    strcmp                                   0x080007e1   Thumb Code   128  strcmpv7m.o(.text)
    __use_two_region_memory                  0x08000861   Thumb Code     2  heapauxi.o(.text)
    __rt_heap_escrow$2region                 0x08000863   Thumb Code     2  heapauxi.o(.text)
    __rt_heap_expand$2region                 0x08000865   Thumb Code     2  heapauxi.o(.text)
    _printf_int_common                       0x08000867   Thumb Code   178  _printf_intcommon.o(.text)
    _printf_fp_dec_real                      0x08000ac9   Thumb Code   620  _printf_fp_dec.o(.text)
    _printf_char_common                      0x08000d3f   Thumb Code    32  _printf_char_common.o(.text)
    _sputc                                   0x08000d65   Thumb Code    10  _sputc.o(.text)
    _printf_cs_common                        0x08000d6f   Thumb Code    20  _printf_char.o(.text)
    _printf_char                             0x08000d83   Thumb Code    16  _printf_char.o(.text)
    _printf_string                           0x08000d93   Thumb Code     8  _printf_char.o(.text)
    _chval                                   0x08000d9b   Thumb Code    28  _chval.o(.text)
    __vfscanf_char                           0x08000dc5   Thumb Code    24  scanf_char.o(.text)
    _sgetc                                   0x08000de5   Thumb Code    30  _sgetc.o(.text)
    _sbackspace                              0x08000e03   Thumb Code    34  _sgetc.o(.text)
    __rt_locale                              0x08000e25   Thumb Code     8  rt_locale_intlibspace.o(.text)
    _ll_udiv10                               0x08000e2d   Thumb Code   138  lludiv10.o(.text)
    isspace                                  0x08000eb7   Thumb Code    18  isspace.o(.text)
    _printf_fp_infnan                        0x08000ec9   Thumb Code   112  _printf_fp_infnan.o(.text)
    __vfscanf                                0x08000f49   Thumb Code   878  _scanf.o(.text)
    _btod_etento                             0x080012bd   Thumb Code   224  bigflt0.o(.text)
    __user_libspace                          0x080013a1   Thumb Code     8  libspace.o(.text)
    __user_perproc_libspace                  0x080013a1   Thumb Code     0  libspace.o(.text)
    __user_perthread_libspace                0x080013a1   Thumb Code     0  libspace.o(.text)
    __user_setup_stackheap                   0x080013a9   Thumb Code    74  sys_stackheap_outer.o(.text)
    __rt_ctype_table                         0x080013f5   Thumb Code    16  rt_ctype_table.o(.text)
    exit                                     0x08001405   Thumb Code    18  exit.o(.text)
    _sys_exit                                0x08001419   Thumb Code     8  sys_exit.o(.text)
    __I$use$semihosting                      0x08001425   Thumb Code     0  use_no_semi.o(.text)
    __use_no_semihosting_swi                 0x08001425   Thumb Code     2  use_no_semi.o(.text)
    __semihosting_library_function           0x08001427   Thumb Code     0  indicate_semi.o(.text)
    ADC1_Read_Channel                        0x08001429   Thumb Code    54  dien_dung.o(.text.ADC1_Read_Channel)
    ADC1_Register_Init_Calibrated            0x08001461   Thumb Code   158  dien_dung.o(.text.ADC1_Register_Init_Calibrated)
    Add_Plant                                0x08001501   Thumb Code   196  stm32_esp32_main.o(.text.Add_Plant)
    BH1750_Init                              0x080015c5   Thumb Code    22  bh1750.o(.text.BH1750_Init)
    BH1750_ReadLux                           0x080015dd   Thumb Code    26  bh1750.o(.text.BH1750_ReadLux)
    Delete_Plant                             0x080015f9   Thumb Code   130  stm32_esp32_main.o(.text.Delete_Plant)
    GPIO_Init                                0x0800167d   Thumb Code   188  stm32f10x_gpio.o(.text.GPIO_Init)
    GPIO_PinRemapConfig                      0x08001739   Thumb Code   128  stm32f10x_gpio.o(.text.GPIO_PinRemapConfig)
    GPIO_ResetBits                           0x080017b9   Thumb Code     4  stm32f10x_gpio.o(.text.GPIO_ResetBits)
    GPIO_SetBits                             0x080017bd   Thumb Code     4  stm32f10x_gpio.o(.text.GPIO_SetBits)
    Get_Current_Time_MS                      0x080017c1   Thumb Code    12  systick.o(.text.Get_Current_Time_MS)
    HCSR04_Init                              0x080017cd   Thumb Code   200  hcsr04.o(.text.HCSR04_Init)
    HCSR04_Trigger                           0x08001895   Thumb Code   110  hcsr04.o(.text.HCSR04_Trigger)
    HDC1080_Init                             0x08001905   Thumb Code   216  hdc_1018.o(.text.HDC1080_Init)
    HDC1080_ReadHumidityRaw                  0x080019dd   Thumb Code   368  hdc_1018.o(.text.HDC1080_ReadHumidityRaw)
    HDC1080_ReadTemperatureRaw               0x08001b4d   Thumb Code   364  hdc_1018.o(.text.HDC1080_ReadTemperatureRaw)
    HandleAutoWatering                       0x08001cb9   Thumb Code   256  stm32_esp32_main.o(.text.HandleAutoWatering)
    HandleWaterAllLogic                      0x08001df1   Thumb Code   476  stm32_esp32_main.o(.text.HandleWaterAllLogic)
    HandleWaterOnce                          0x08001fcd   Thumb Code   356  stm32_esp32_main.o(.text.HandleWaterOnce)
    I2C1_Init                                0x08002131   Thumb Code   106  hdc_1018.o(.text.I2C1_Init)
    I2C2_Init                                0x0800219d   Thumb Code    94  bh1750.o(.text.I2C2_Init)
    I2C2_Read2Bytes                          0x080021fd   Thumb Code   160  bh1750.o(.text.I2C2_Read2Bytes)
    I2C2_WriteByte                           0x0800229d   Thumb Code   126  bh1750.o(.text.I2C2_WriteByte)
    I2C_AcknowledgeConfig                    0x0800231d   Thumb Code    20  stm32f10x_i2c.o(.text.I2C_AcknowledgeConfig)
    I2C_CheckEvent                           0x08002331   Thumb Code    22  stm32f10x_i2c.o(.text.I2C_CheckEvent)
    I2C_Cmd                                  0x08002349   Thumb Code    18  stm32f10x_i2c.o(.text.I2C_Cmd)
    I2C_DeInit                               0x0800235d   Thumb Code    42  stm32f10x_i2c.o(.text.I2C_DeInit)
    I2C_GenerateSTART                        0x08002389   Thumb Code    20  stm32f10x_i2c.o(.text.I2C_GenerateSTART)
    I2C_GenerateSTOP                         0x0800239d   Thumb Code    20  stm32f10x_i2c.o(.text.I2C_GenerateSTOP)
    I2C_GetFlagStatus                        0x080023b1   Thumb Code    52  stm32f10x_i2c.o(.text.I2C_GetFlagStatus)
    I2C_Init                                 0x080023e5   Thumb Code   202  stm32f10x_i2c.o(.text.I2C_Init)
    I2C_ReceiveData                          0x080024b1   Thumb Code     6  stm32f10x_i2c.o(.text.I2C_ReceiveData)
    I2C_Send7bitAddress                      0x080024b9   Thumb Code    16  stm32f10x_i2c.o(.text.I2C_Send7bitAddress)
    I2C_SendData                             0x080024c9   Thumb Code     4  stm32f10x_i2c.o(.text.I2C_SendData)
    NVIC_Config_TIM2                         0x080024cd   Thumb Code    22  nvic.o(.text.NVIC_Config_TIM2)
    NVIC_Config_USART1                       0x080024e5   Thumb Code    24  nvic.o(.text.NVIC_Config_USART1)
    ProcessCommand                           0x080024fd   Thumb Code   892  stm32_esp32_main.o(.text.ProcessCommand)
    RCC_APB1PeriphClockCmd                   0x0800290d   Thumb Code    24  stm32f10x_rcc.o(.text.RCC_APB1PeriphClockCmd)
    RCC_APB1PeriphResetCmd                   0x08002925   Thumb Code    24  stm32f10x_rcc.o(.text.RCC_APB1PeriphResetCmd)
    RCC_APB2PeriphClockCmd                   0x0800293d   Thumb Code    24  stm32f10x_rcc.o(.text.RCC_APB2PeriphClockCmd)
    RCC_GetClocksFreq                        0x08002955   Thumb Code   140  stm32f10x_rcc.o(.text.RCC_GetClocksFreq)
    SYSCLK_INIT                              0x080029e1   Thumb Code   188  sysclk.o(.text.SYSCLK_INIT)
    SysTick_Handler                          0x08002a9d   Thumb Code    64  systick.o(.text.SysTick_Handler)
    SysTick_Init                             0x08002add   Thumb Code    56  systick.o(.text.SysTick_Init)
    SystemInit                               0x08002b15   Thumb Code   268  system_stm32f10x.o(.text.SystemInit)
    TIM2_IRQHandler                          0x08002c21   Thumb Code   190  hcsr04.o(.text.TIM2_IRQHandler)
    USART1_Config                            0x08002ce1   Thumb Code   100  uart_config.o(.text.USART1_Config)
    USART1_IRQHandler                        0x08002d45   Thumb Code   138  stm32_esp32_main.o(.text.USART1_IRQHandler)
    USART1_SendString                        0x08002dd1   Thumb Code    34  uart_config.o(.text.USART1_SendString)
    USART_GetITStatus                        0x08002df5   Thumb Code    50  stm32f10x_usart.o(.text.USART_GetITStatus)
    USART_ReceiveData                        0x08002e29   Thumb Code     8  stm32f10x_usart.o(.text.USART_ReceiveData)
    main                                     0x08002e31   Thumb Code  1224  stm32_esp32_main.o(.text.main)
    set_auto_status                          0x0800334d   Thumb Code   120  stm32_esp32_main.o(.text.set_auto_status)
    set_soil_schedule                        0x080033ed   Thumb Code    88  stm32_esp32_main.o(.text.set_soil_schedule)
    set_water_amount_schedule                0x08003445   Thumb Code   106  stm32_esp32_main.o(.text.set_water_amount_schedule)
    water_once                               0x080034b1   Thumb Code    80  stm32_esp32_main.o(.text.water_once)
    water_refill                             0x08003501   Thumb Code   356  stm32_esp32_main.o(.text.water_refill)
    _btod_d2e                                0x080036d9   Thumb Code    62  btod.o(CL$$btod_d2e)
    _d2e_denorm_low                          0x08003717   Thumb Code    70  btod.o(CL$$btod_d2e_denorm_low)
    _d2e_norm_op1                            0x0800375d   Thumb Code    96  btod.o(CL$$btod_d2e_norm_op1)
    __btod_div_common                        0x080037bd   Thumb Code   696  btod.o(CL$$btod_div_common)
    _e2e                                     0x08003af5   Thumb Code   220  btod.o(CL$$btod_e2e)
    _btod_ediv                               0x08003bd1   Thumb Code    42  btod.o(CL$$btod_ediv)
    _btod_emul                               0x08003bfb   Thumb Code    42  btod.o(CL$$btod_emul)
    __btod_mult_common                       0x08003c25   Thumb Code   580  btod.o(CL$$btod_mult_common)
    __ARM_fpclassify                         0x08003e69   Thumb Code    40  fpclassify.o(i.__ARM_fpclassify)
    _is_digit                                0x08003e91   Thumb Code    14  __printf_wp.o(i._is_digit)
    _get_lc_numeric                          0x08003ea1   Thumb Code    44  lc_numeric_c.o(locale$$code)
    _get_lc_ctype                            0x08003ecd   Thumb Code    44  lc_ctype_c.o(locale$$code)
    __aeabi_d2f                              0x08003ef9   Thumb Code     0  d2f.o(x$fpl$d2f)
    _d2f                                     0x08003ef9   Thumb Code    98  d2f.o(x$fpl$d2f)
    __aeabi_dadd                             0x08003f5d   Thumb Code     0  daddsub_clz.o(x$fpl$dadd)
    _dadd                                    0x08003f5d   Thumb Code   332  daddsub_clz.o(x$fpl$dadd)
    __aeabi_ui2d                             0x080040ad   Thumb Code     0  dflt_clz.o(x$fpl$dfltu)
    _dfltu                                   0x080040ad   Thumb Code    38  dflt_clz.o(x$fpl$dfltu)
    __aeabi_dmul                             0x080040d5   Thumb Code     0  dmul.o(x$fpl$dmul)
    _dmul                                    0x080040d5   Thumb Code   332  dmul.o(x$fpl$dmul)
    __fpl_dnaninf                            0x08004229   Thumb Code   156  dnaninf.o(x$fpl$dnaninf)
    __fpl_dretinf                            0x080042c5   Thumb Code    12  dretinf.o(x$fpl$dretinf)
    __aeabi_dsub                             0x080042d1   Thumb Code     0  daddsub_clz.o(x$fpl$dsub)
    _dsub                                    0x080042d1   Thumb Code   472  daddsub_clz.o(x$fpl$dsub)
    __aeabi_f2d                              0x080044ad   Thumb Code     0  f2d.o(x$fpl$f2d)
    _f2d                                     0x080044ad   Thumb Code    86  f2d.o(x$fpl$f2d)
    __aeabi_fadd                             0x08004505   Thumb Code     0  faddsub_clz.o(x$fpl$fadd)
    _fadd                                    0x08004505   Thumb Code   196  faddsub_clz.o(x$fpl$fadd)
    __aeabi_fcmpeq                           0x080045c9   Thumb Code     0  fcmp.o(x$fpl$fcmp)
    _feq                                     0x080045c9   Thumb Code    14  fcmp.o(x$fpl$fcmp)
    _fneq                                    0x080045d7   Thumb Code    14  fcmp.o(x$fpl$fcmp)
    __aeabi_fcmpgt                           0x080045e5   Thumb Code     0  fcmp.o(x$fpl$fcmp)
    _fgr                                     0x080045e5   Thumb Code    14  fcmp.o(x$fpl$fcmp)
    __aeabi_fcmpge                           0x080045f3   Thumb Code     0  fcmp.o(x$fpl$fcmp)
    _fgeq                                    0x080045f3   Thumb Code    14  fcmp.o(x$fpl$fcmp)
    __aeabi_fcmple                           0x08004601   Thumb Code     0  fcmp.o(x$fpl$fcmp)
    _fleq                                    0x08004601   Thumb Code    14  fcmp.o(x$fpl$fcmp)
    __aeabi_fcmplt                           0x0800460f   Thumb Code     0  fcmp.o(x$fpl$fcmp)
    _fls                                     0x0800460f   Thumb Code    14  fcmp.o(x$fpl$fcmp)
    __fpl_fcmp_Inf                           0x0800461d   Thumb Code    24  fcmpi.o(x$fpl$fcmpinf)
    __aeabi_fdiv                             0x08004635   Thumb Code     0  fdiv.o(x$fpl$fdiv)
    _fdiv                                    0x08004635   Thumb Code   384  fdiv.o(x$fpl$fdiv)
    __aeabi_cfcmpeq                          0x080047b9   Thumb Code     0  feqf.o(x$fpl$feqf)
    _fcmpeq                                  0x080047b9   Thumb Code   104  feqf.o(x$fpl$feqf)
    __aeabi_f2iz                             0x08004821   Thumb Code     0  ffix.o(x$fpl$ffix)
    _ffix                                    0x08004821   Thumb Code    54  ffix.o(x$fpl$ffix)
    __aeabi_f2uiz                            0x08004859   Thumb Code     0  ffixu.o(x$fpl$ffixu)
    _ffixu                                   0x08004859   Thumb Code    62  ffixu.o(x$fpl$ffixu)
    __aeabi_i2f                              0x08004899   Thumb Code     0  fflt_clz.o(x$fpl$fflt)
    _fflt                                    0x08004899   Thumb Code    48  fflt_clz.o(x$fpl$fflt)
    __aeabi_ui2f                             0x080048c9   Thumb Code     0  fflt_clz.o(x$fpl$ffltu)
    _ffltu                                   0x080048c9   Thumb Code    38  fflt_clz.o(x$fpl$ffltu)
    _fcmpge                                  0x080048f1   Thumb Code   104  fgeqf.o(x$fpl$fgeqf)
    __aeabi_cfcmple                          0x08004959   Thumb Code     0  fleqf.o(x$fpl$fleqf)
    _fcmple                                  0x08004959   Thumb Code   104  fleqf.o(x$fpl$fleqf)
    __fpl_fcmple_InfNaN                      0x080049ab   Thumb Code     0  fleqf.o(x$fpl$fleqf)
    __aeabi_fmul                             0x080049c1   Thumb Code     0  fmul.o(x$fpl$fmul)
    _fmul                                    0x080049c1   Thumb Code   258  fmul.o(x$fpl$fmul)
    __fpl_fnaninf                            0x08004ac3   Thumb Code   140  fnaninf.o(x$fpl$fnaninf)
    __fpl_fretinf                            0x08004b4f   Thumb Code    10  fretinf.o(x$fpl$fretinf)
    __aeabi_fsub                             0x08004b59   Thumb Code     0  faddsub_clz.o(x$fpl$fsub)
    _fsub                                    0x08004b59   Thumb Code   234  faddsub_clz.o(x$fpl$fsub)
    _printf_fp_dec                           0x08004c43   Thumb Code     4  printf1.o(x$fpl$printf1)
    __I$use$fp                               0x08004c46   Number         0  usenofp.o(x$fpl$usenofp)
    Region$$Table$$Base                      0x08005178   Number         0  anon$$obj.o(Region$$Table)
    Region$$Table$$Limit                     0x08005198   Number         0  anon$$obj.o(Region$$Table)
    __ctype                                  0x080051c1   Data           0  lc_ctype_c.o(locale$$data)
    ADC_CHANNELS                             0x20000000   Data           2  stm32_esp32_main.o(.data.ADC_CHANNELS)
    PUMP_PINS                                0x20000002   Data           4  stm32_esp32_main.o(.data.PUMP_PINS)
    filtered_distance                        0x20000008   Data           4  stm32_esp32_main.o(.data.filtered_distance)
    __libspace_start                         0x20000010   Data          96  libspace.o(.bss)
    DIRT_ALL                                 0x20000070   Data           8  stm32_esp32_main.o(.bss.DIRT_ALL)
    __temporary_stack_top$libspace           0x20000070   Data           0  libspace.o(.bss)
    Distance                                 0x20000078   Data           2  hcsr04.o(.bss.Distance)
    IC_Val1                                  0x2000007c   Data           4  hcsr04.o(.bss.IC_Val1)
    IC_Val2                                  0x20000080   Data           4  hcsr04.o(.bss.IC_Val2)
    Is_First_Captured                        0x20000084   Data           1  hcsr04.o(.bss.Is_First_Captured)
    cmd_ready                                0x20000085   Data           1  stm32_esp32_main.o(.bss.cmd_ready)
    current_settings                         0x20000088   Data          96  setting.o(.bss.current_settings)
    is_refilling                             0x200000e8   Data           1  stm32_esp32_main.o(.bss.is_refilling)
    is_water_all_active                      0x200000e9   Data           1  stm32_esp32_main.o(.bss.is_water_all_active)
    plant_count                              0x200000f0   Data           4  stm32_esp32_main.o(.bss.plant_count)
    plant_list                               0x200000f4   Data          80  stm32_esp32_main.o(.bss.plant_list)
    refill_start_time                        0x20000144   Data           4  stm32_esp32_main.o(.bss.refill_start_time)
    rx_buffer                                0x20000148   Data         128  stm32_esp32_main.o(.bss.rx_buffer)
    rx_index                                 0x200001c8   Data           1  stm32_esp32_main.o(.bss.rx_index)
    volumn                                   0x200001d0   Data           4  stm32_esp32_main.o(.bss.volumn)



==============================================================================

Memory Map of the image

  Image Entry point : 0x080001e5

  Load Region LR_1 (Base: 0x08000000, Size: 0x000052d0, Max: 0xffffffff, ABSOLUTE)

    Execution Region ER_RO (Exec base: 0x08000000, Load base: 0x08000000, Size: 0x000052c4, Max: 0xffffffff, ABSOLUTE)

    Exec Addr    Load Addr    Size         Type   Attr      Idx    E Section Name        Object

    0x08000000   0x08000000   0x000000ec   Data   RO          795    RESET               startup_stm32f10x_md.o
    0x080000ec   0x080000ec   0x00000008   Code   RO          872  * !!!main             c_w.l(__main.o)
    0x080000f4   0x080000f4   0x0000005c   Code   RO         1179    !!!scatter          c_w.l(__scatter.o)
    0x08000150   0x08000150   0x0000001a   Code   RO         1183    !!handler_copy      c_w.l(__scatter_copy.o)
    0x0800016a   0x0800016a   0x00000002   PAD
    0x0800016c   0x0800016c   0x00000002   Code   RO         1180    !!handler_null      c_w.l(__scatter.o)
    0x0800016e   0x0800016e   0x00000002   PAD
    0x08000170   0x08000170   0x0000001c   Code   RO         1185    !!handler_zi        c_w.l(__scatter_zi.o)
    0x0800018c   0x0800018c   0x00000000   Code   RO          851    .ARM.Collect$$_printf_percent$$00000000  c_w.l(_printf_percent.o)
    0x0800018c   0x0800018c   0x00000006   Code   RO          850    .ARM.Collect$$_printf_percent$$00000003  c_w.l(_printf_f.o)
    0x08000192   0x08000192   0x00000006   Code   RO          849    .ARM.Collect$$_printf_percent$$00000009  c_w.l(_printf_d.o)
    0x08000198   0x08000198   0x00000006   Code   RO          848    .ARM.Collect$$_printf_percent$$00000014  c_w.l(_printf_s.o)
    0x0800019e   0x0800019e   0x00000004   Code   RO          935    .ARM.Collect$$_printf_percent$$00000017  c_w.l(_printf_percent_end.o)
    0x080001a2   0x080001a2   0x00000002   Code   RO         1039    .ARM.Collect$$libinit$$00000000  c_w.l(libinit.o)
    0x080001a4   0x080001a4   0x00000000   Code   RO         1041    .ARM.Collect$$libinit$$00000002  c_w.l(libinit2.o)
    0x080001a4   0x080001a4   0x00000000   Code   RO         1043    .ARM.Collect$$libinit$$00000004  c_w.l(libinit2.o)
    0x080001a4   0x080001a4   0x00000000   Code   RO         1045    .ARM.Collect$$libinit$$00000006  c_w.l(libinit2.o)
    0x080001a4   0x080001a4   0x00000000   Code   RO         1048    .ARM.Collect$$libinit$$0000000C  c_w.l(libinit2.o)
    0x080001a4   0x080001a4   0x00000000   Code   RO         1050    .ARM.Collect$$libinit$$0000000E  c_w.l(libinit2.o)
    0x080001a4   0x080001a4   0x00000000   Code   RO         1052    .ARM.Collect$$libinit$$00000010  c_w.l(libinit2.o)
    0x080001a4   0x080001a4   0x00000006   Code   RO         1053    .ARM.Collect$$libinit$$00000011  c_w.l(libinit2.o)
    0x080001aa   0x080001aa   0x00000000   Code   RO         1055    .ARM.Collect$$libinit$$00000013  c_w.l(libinit2.o)
    0x080001aa   0x080001aa   0x0000000c   Code   RO         1056    .ARM.Collect$$libinit$$00000014  c_w.l(libinit2.o)
    0x080001b6   0x080001b6   0x00000000   Code   RO         1057    .ARM.Collect$$libinit$$00000015  c_w.l(libinit2.o)
    0x080001b6   0x080001b6   0x00000000   Code   RO         1059    .ARM.Collect$$libinit$$00000017  c_w.l(libinit2.o)
    0x080001b6   0x080001b6   0x0000000a   Code   RO         1060    .ARM.Collect$$libinit$$00000018  c_w.l(libinit2.o)
    0x080001c0   0x080001c0   0x00000000   Code   RO         1061    .ARM.Collect$$libinit$$00000019  c_w.l(libinit2.o)
    0x080001c0   0x080001c0   0x00000000   Code   RO         1063    .ARM.Collect$$libinit$$0000001B  c_w.l(libinit2.o)
    0x080001c0   0x080001c0   0x00000000   Code   RO         1065    .ARM.Collect$$libinit$$0000001D  c_w.l(libinit2.o)
    0x080001c0   0x080001c0   0x00000000   Code   RO         1067    .ARM.Collect$$libinit$$0000001F  c_w.l(libinit2.o)
    0x080001c0   0x080001c0   0x00000000   Code   RO         1069    .ARM.Collect$$libinit$$00000021  c_w.l(libinit2.o)
    0x080001c0   0x080001c0   0x00000000   Code   RO         1071    .ARM.Collect$$libinit$$00000023  c_w.l(libinit2.o)
    0x080001c0   0x080001c0   0x00000000   Code   RO         1073    .ARM.Collect$$libinit$$00000025  c_w.l(libinit2.o)
    0x080001c0   0x080001c0   0x00000000   Code   RO         1075    .ARM.Collect$$libinit$$00000027  c_w.l(libinit2.o)
    0x080001c0   0x080001c0   0x00000000   Code   RO         1079    .ARM.Collect$$libinit$$0000002E  c_w.l(libinit2.o)
    0x080001c0   0x080001c0   0x00000000   Code   RO         1081    .ARM.Collect$$libinit$$00000030  c_w.l(libinit2.o)
    0x080001c0   0x080001c0   0x00000000   Code   RO         1083    .ARM.Collect$$libinit$$00000032  c_w.l(libinit2.o)
    0x080001c0   0x080001c0   0x00000000   Code   RO         1085    .ARM.Collect$$libinit$$00000034  c_w.l(libinit2.o)
    0x080001c0   0x080001c0   0x00000002   Code   RO         1086    .ARM.Collect$$libinit$$00000035  c_w.l(libinit2.o)
    0x080001c2   0x080001c2   0x00000002   Code   RO         1125    .ARM.Collect$$libshutdown$$00000000  c_w.l(libshutdown.o)
    0x080001c4   0x080001c4   0x00000000   Code   RO         1136    .ARM.Collect$$libshutdown$$00000002  c_w.l(libshutdown2.o)
    0x080001c4   0x080001c4   0x00000000   Code   RO         1138    .ARM.Collect$$libshutdown$$00000004  c_w.l(libshutdown2.o)
    0x080001c4   0x080001c4   0x00000000   Code   RO         1141    .ARM.Collect$$libshutdown$$00000007  c_w.l(libshutdown2.o)
    0x080001c4   0x080001c4   0x00000000   Code   RO         1144    .ARM.Collect$$libshutdown$$0000000A  c_w.l(libshutdown2.o)
    0x080001c4   0x080001c4   0x00000000   Code   RO         1146    .ARM.Collect$$libshutdown$$0000000C  c_w.l(libshutdown2.o)
    0x080001c4   0x080001c4   0x00000000   Code   RO         1149    .ARM.Collect$$libshutdown$$0000000F  c_w.l(libshutdown2.o)
    0x080001c4   0x080001c4   0x00000002   Code   RO         1150    .ARM.Collect$$libshutdown$$00000010  c_w.l(libshutdown2.o)
    0x080001c6   0x080001c6   0x00000000   Code   RO          922    .ARM.Collect$$rtentry$$00000000  c_w.l(__rtentry.o)
    0x080001c6   0x080001c6   0x00000000   Code   RO          958    .ARM.Collect$$rtentry$$00000002  c_w.l(__rtentry2.o)
    0x080001c6   0x080001c6   0x00000006   Code   RO          970    .ARM.Collect$$rtentry$$00000004  c_w.l(__rtentry4.o)
    0x080001cc   0x080001cc   0x00000000   Code   RO          960    .ARM.Collect$$rtentry$$00000009  c_w.l(__rtentry2.o)
    0x080001cc   0x080001cc   0x00000004   Code   RO          961    .ARM.Collect$$rtentry$$0000000A  c_w.l(__rtentry2.o)
    0x080001d0   0x080001d0   0x00000000   Code   RO          963    .ARM.Collect$$rtentry$$0000000C  c_w.l(__rtentry2.o)
    0x080001d0   0x080001d0   0x00000008   Code   RO          964    .ARM.Collect$$rtentry$$0000000D  c_w.l(__rtentry2.o)
    0x080001d8   0x080001d8   0x00000002   Code   RO         1087    .ARM.Collect$$rtexit$$00000000  c_w.l(rtexit.o)
    0x080001da   0x080001da   0x00000000   Code   RO         1099    .ARM.Collect$$rtexit$$00000002  c_w.l(rtexit2.o)
    0x080001da   0x080001da   0x00000004   Code   RO         1100    .ARM.Collect$$rtexit$$00000003  c_w.l(rtexit2.o)
    0x080001de   0x080001de   0x00000006   Code   RO         1101    .ARM.Collect$$rtexit$$00000004  c_w.l(rtexit2.o)
    0x080001e4   0x080001e4   0x00000040   Code   RO          796  * .text               startup_stm32f10x_md.o
    0x08000224   0x08000224   0x00000028   Code   RO          820    .text               c_w.l(noretval__2sprintf.o)
    0x0800024c   0x0800024c   0x00000052   Code   RO          824    .text               c_w.l(_printf_str.o)
    0x0800029e   0x0800029e   0x00000002   PAD
    0x080002a0   0x080002a0   0x00000078   Code   RO          826    .text               c_w.l(_printf_dec.o)
    0x08000318   0x08000318   0x0000010e   Code   RO          836    .text               c_w.l(__printf_wp.o)
    0x08000426   0x08000426   0x00000002   PAD
    0x08000428   0x08000428   0x0000003c   Code   RO          852    .text               c_w.l(__0sscanf.o)
    0x08000464   0x08000464   0x0000014c   Code   RO          854    .text               c_w.l(_scanf_int.o)
    0x080005b0   0x080005b0   0x000000e0   Code   RO          856    .text               c_w.l(_scanf_str.o)
    0x08000690   0x08000690   0x00000024   Code   RO          858    .text               c_w.l(strstr.o)
    0x080006b4   0x080006b4   0x00000048   Code   RO          860    .text               c_w.l(strcpy.o)
    0x080006fc   0x080006fc   0x00000096   Code   RO          862    .text               c_w.l(strncmp.o)
    0x08000792   0x08000792   0x0000004e   Code   RO          866    .text               c_w.l(rt_memclr_w.o)
    0x080007e0   0x080007e0   0x00000080   Code   RO          868    .text               c_w.l(strcmpv7m.o)
    0x08000860   0x08000860   0x00000006   Code   RO          870    .text               c_w.l(heapauxi.o)
    0x08000866   0x08000866   0x000000b2   Code   RO          923    .text               c_w.l(_printf_intcommon.o)
    0x08000918   0x08000918   0x0000041c   Code   RO          925    .text               c_w.l(_printf_fp_dec.o)
    0x08000d34   0x08000d34   0x00000030   Code   RO          929    .text               c_w.l(_printf_char_common.o)
    0x08000d64   0x08000d64   0x0000000a   Code   RO          931    .text               c_w.l(_sputc.o)
    0x08000d6e   0x08000d6e   0x0000002c   Code   RO          933    .text               c_w.l(_printf_char.o)
    0x08000d9a   0x08000d9a   0x0000001c   Code   RO          936    .text               c_w.l(_chval.o)
    0x08000db6   0x08000db6   0x00000002   PAD
    0x08000db8   0x08000db8   0x0000002c   Code   RO          938    .text               c_w.l(scanf_char.o)
    0x08000de4   0x08000de4   0x00000040   Code   RO          940    .text               c_w.l(_sgetc.o)
    0x08000e24   0x08000e24   0x00000008   Code   RO          975    .text               c_w.l(rt_locale_intlibspace.o)
    0x08000e2c   0x08000e2c   0x0000008a   Code   RO          977    .text               c_w.l(lludiv10.o)
    0x08000eb6   0x08000eb6   0x00000012   Code   RO          979    .text               c_w.l(isspace.o)
    0x08000ec8   0x08000ec8   0x00000080   Code   RO          981    .text               c_w.l(_printf_fp_infnan.o)
    0x08000f48   0x08000f48   0x00000374   Code   RO          985    .text               c_w.l(_scanf.o)
    0x080012bc   0x080012bc   0x000000e4   Code   RO          987    .text               c_w.l(bigflt0.o)
    0x080013a0   0x080013a0   0x00000008   Code   RO         1023    .text               c_w.l(libspace.o)
    0x080013a8   0x080013a8   0x0000004a   Code   RO         1026    .text               c_w.l(sys_stackheap_outer.o)
    0x080013f2   0x080013f2   0x00000002   PAD
    0x080013f4   0x080013f4   0x00000010   Code   RO         1028    .text               c_w.l(rt_ctype_table.o)
    0x08001404   0x08001404   0x00000012   Code   RO         1032    .text               c_w.l(exit.o)
    0x08001416   0x08001416   0x00000002   PAD
    0x08001418   0x08001418   0x0000000c   Code   RO         1111    .text               c_w.l(sys_exit.o)
    0x08001424   0x08001424   0x00000002   Code   RO         1126    .text               c_w.l(use_no_semi.o)
    0x08001426   0x08001426   0x00000000   Code   RO         1128    .text               c_w.l(indicate_semi.o)
    0x08001426   0x08001426   0x00000002   PAD
    0x08001428   0x08001428   0x00000036   Code   RO          224    .text.ADC1_Read_Channel  dien_dung.o
    0x0800145e   0x0800145e   0x00000002   PAD
    0x08001460   0x08001460   0x0000009e   Code   RO          222    .text.ADC1_Register_Init_Calibrated  dien_dung.o
    0x080014fe   0x080014fe   0x00000002   PAD
    0x08001500   0x08001500   0x000000c4   Code   RO           13    .text.Add_Plant     stm32_esp32_main.o
    0x080015c4   0x080015c4   0x00000016   Code   RO          240    .text.BH1750_Init   bh1750.o
    0x080015da   0x080015da   0x00000002   PAD
    0x080015dc   0x080015dc   0x0000001a   Code   RO          242    .text.BH1750_ReadLux  bh1750.o
    0x080015f6   0x080015f6   0x00000002   PAD
    0x080015f8   0x080015f8   0x00000082   Code   RO           15    .text.Delete_Plant  stm32_esp32_main.o
    0x0800167a   0x0800167a   0x00000002   PAD
    0x0800167c   0x0800167c   0x000000bc   Code   RO          340    .text.GPIO_Init     stm32f10x_gpio.o
    0x08001738   0x08001738   0x00000080   Code   RO          366    .text.GPIO_PinRemapConfig  stm32f10x_gpio.o
    0x080017b8   0x080017b8   0x00000004   Code   RO          354    .text.GPIO_ResetBits  stm32f10x_gpio.o
    0x080017bc   0x080017bc   0x00000004   Code   RO          352    .text.GPIO_SetBits  stm32f10x_gpio.o
    0x080017c0   0x080017c0   0x0000000c   Code   RO          209    .text.Get_Current_Time_MS  systick.o
    0x080017cc   0x080017cc   0x000000c8   Code   RO          276    .text.HCSR04_Init   hcsr04.o
    0x08001894   0x08001894   0x0000006e   Code   RO          278    .text.HCSR04_Trigger  hcsr04.o
    0x08001902   0x08001902   0x00000002   PAD
    0x08001904   0x08001904   0x000000d8   Code   RO          260    .text.HDC1080_Init  hdc_1018.o
    0x080019dc   0x080019dc   0x00000170   Code   RO          264    .text.HDC1080_ReadHumidityRaw  hdc_1018.o
    0x08001b4c   0x08001b4c   0x0000016c   Code   RO          262    .text.HDC1080_ReadTemperatureRaw  hdc_1018.o
    0x08001cb8   0x08001cb8   0x00000138   Code   RO           37    .text.HandleAutoWatering  stm32_esp32_main.o
    0x08001df0   0x08001df0   0x000001dc   Code   RO           39    .text.HandleWaterAllLogic  stm32_esp32_main.o
    0x08001fcc   0x08001fcc   0x00000164   Code   RO           35    .text.HandleWaterOnce  stm32_esp32_main.o
    0x08002130   0x08002130   0x0000006a   Code   RO          254    .text.I2C1_Init     hdc_1018.o
    0x0800219a   0x0800219a   0x00000002   PAD
    0x0800219c   0x0800219c   0x0000005e   Code   RO          234    .text.I2C2_Init     bh1750.o
    0x080021fa   0x080021fa   0x00000002   PAD
    0x080021fc   0x080021fc   0x000000a0   Code   RO          238    .text.I2C2_Read2Bytes  bh1750.o
    0x0800229c   0x0800229c   0x0000007e   Code   RO          236    .text.I2C2_WriteByte  bh1750.o
    0x0800231a   0x0800231a   0x00000002   PAD
    0x0800231c   0x0800231c   0x00000014   Code   RO          397    .text.I2C_AcknowledgeConfig  stm32f10x_i2c.o
    0x08002330   0x08002330   0x00000016   Code   RO          435    .text.I2C_CheckEvent  stm32f10x_i2c.o
    0x08002346   0x08002346   0x00000002   PAD
    0x08002348   0x08002348   0x00000012   Code   RO          387    .text.I2C_Cmd       stm32f10x_i2c.o
    0x0800235a   0x0800235a   0x00000002   PAD
    0x0800235c   0x0800235c   0x0000002a   Code   RO          381    .text.I2C_DeInit    stm32f10x_i2c.o
    0x08002386   0x08002386   0x00000002   PAD
    0x08002388   0x08002388   0x00000014   Code   RO          393    .text.I2C_GenerateSTART  stm32f10x_i2c.o
    0x0800239c   0x0800239c   0x00000014   Code   RO          395    .text.I2C_GenerateSTOP  stm32f10x_i2c.o
    0x080023b0   0x080023b0   0x00000034   Code   RO          439    .text.I2C_GetFlagStatus  stm32f10x_i2c.o
    0x080023e4   0x080023e4   0x000000ca   Code   RO          383    .text.I2C_Init      stm32f10x_i2c.o
    0x080024ae   0x080024ae   0x00000002   PAD
    0x080024b0   0x080024b0   0x00000006   Code   RO          409    .text.I2C_ReceiveData  stm32f10x_i2c.o
    0x080024b6   0x080024b6   0x00000002   PAD
    0x080024b8   0x080024b8   0x00000010   Code   RO          411    .text.I2C_Send7bitAddress  stm32f10x_i2c.o
    0x080024c8   0x080024c8   0x00000004   Code   RO          407    .text.I2C_SendData  stm32f10x_i2c.o
    0x080024cc   0x080024cc   0x00000016   Code   RO          129    .text.NVIC_Config_TIM2  nvic.o
    0x080024e2   0x080024e2   0x00000002   PAD
    0x080024e4   0x080024e4   0x00000018   Code   RO          127    .text.NVIC_Config_USART1  nvic.o
    0x080024fc   0x080024fc   0x00000410   Code   RO            7    .text.ProcessCommand  stm32_esp32_main.o
    0x0800290c   0x0800290c   0x00000018   Code   RO          501    .text.RCC_APB1PeriphClockCmd  stm32f10x_rcc.o
    0x08002924   0x08002924   0x00000018   Code   RO          505    .text.RCC_APB1PeriphResetCmd  stm32f10x_rcc.o
    0x0800293c   0x0800293c   0x00000018   Code   RO          499    .text.RCC_APB2PeriphClockCmd  stm32f10x_rcc.o
    0x08002954   0x08002954   0x0000008c   Code   RO          495    .text.RCC_GetClocksFreq  stm32f10x_rcc.o
    0x080029e0   0x080029e0   0x000000bc   Code   RO          104    .text.SYSCLK_INIT   sysclk.o
    0x08002a9c   0x08002a9c   0x00000040   Code   RO          207    .text.SysTick_Handler  systick.o
    0x08002adc   0x08002adc   0x00000038   Code   RO          205    .text.SysTick_Init  systick.o
    0x08002b14   0x08002b14   0x0000010c   Code   RO          803    .text.SystemInit    system_stm32f10x.o
    0x08002c20   0x08002c20   0x000000be   Code   RO          280    .text.TIM2_IRQHandler  hcsr04.o
    0x08002cde   0x08002cde   0x00000002   PAD
    0x08002ce0   0x08002ce0   0x00000064   Code   RO          118    .text.USART1_Config  uart_config.o
    0x08002d44   0x08002d44   0x0000008a   Code   RO            5    .text.USART1_IRQHandler  stm32_esp32_main.o
    0x08002dce   0x08002dce   0x00000002   PAD
    0x08002dd0   0x08002dd0   0x00000022   Code   RO          116    .text.USART1_SendString  uart_config.o
    0x08002df2   0x08002df2   0x00000002   PAD
    0x08002df4   0x08002df4   0x00000032   Code   RO          765    .text.USART_GetITStatus  stm32f10x_usart.o
    0x08002e26   0x08002e26   0x00000002   PAD
    0x08002e28   0x08002e28   0x00000008   Code   RO          739    .text.USART_ReceiveData  stm32f10x_usart.o
    0x08002e30   0x08002e30   0x0000051c   Code   RO           31    .text.main          stm32_esp32_main.o
    0x0800334c   0x0800334c   0x000000a0   Code   RO           17    .text.set_auto_status  stm32_esp32_main.o
    0x080033ec   0x080033ec   0x00000058   Code   RO           21    .text.set_soil_schedule  stm32_esp32_main.o
    0x08003444   0x08003444   0x0000006a   Code   RO           23    .text.set_water_amount_schedule  stm32_esp32_main.o
    0x080034ae   0x080034ae   0x00000002   PAD
    0x080034b0   0x080034b0   0x00000050   Code   RO           19    .text.water_once    stm32_esp32_main.o
    0x08003500   0x08003500   0x000001d8   Code   RO           41    .text.water_refill  stm32_esp32_main.o
    0x080036d8   0x080036d8   0x0000003e   Code   RO          990    CL$$btod_d2e        c_w.l(btod.o)
    0x08003716   0x08003716   0x00000046   Code   RO          992    CL$$btod_d2e_denorm_low  c_w.l(btod.o)
    0x0800375c   0x0800375c   0x00000060   Code   RO          991    CL$$btod_d2e_norm_op1  c_w.l(btod.o)
    0x080037bc   0x080037bc   0x00000338   Code   RO         1000    CL$$btod_div_common  c_w.l(btod.o)
    0x08003af4   0x08003af4   0x000000dc   Code   RO          997    CL$$btod_e2e        c_w.l(btod.o)
    0x08003bd0   0x08003bd0   0x0000002a   Code   RO          994    CL$$btod_ediv       c_w.l(btod.o)
    0x08003bfa   0x08003bfa   0x0000002a   Code   RO          993    CL$$btod_emul       c_w.l(btod.o)
    0x08003c24   0x08003c24   0x00000244   Code   RO          999    CL$$btod_mult_common  c_w.l(btod.o)
    0x08003e68   0x08003e68   0x00000028   Code   RO         1021    i.__ARM_fpclassify  m_ws.l(fpclassify.o)
    0x08003e90   0x08003e90   0x0000000e   Code   RO          838    i._is_digit         c_w.l(__printf_wp.o)
    0x08003e9e   0x08003e9e   0x00000002   PAD
    0x08003ea0   0x08003ea0   0x0000002c   Code   RO         1015    locale$$code        c_w.l(lc_numeric_c.o)
    0x08003ecc   0x08003ecc   0x0000002c   Code   RO         1092    locale$$code        c_w.l(lc_ctype_c.o)
    0x08003ef8   0x08003ef8   0x00000062   Code   RO          874    x$fpl$d2f           fz_ws.l(d2f.o)
    0x08003f5a   0x08003f5a   0x00000002   PAD
    0x08003f5c   0x08003f5c   0x00000150   Code   RO          876    x$fpl$dadd          fz_ws.l(daddsub_clz.o)
    0x080040ac   0x080040ac   0x00000026   Code   RO          882    x$fpl$dfltu         fz_ws.l(dflt_clz.o)
    0x080040d2   0x080040d2   0x00000002   PAD
    0x080040d4   0x080040d4   0x00000154   Code   RO          888    x$fpl$dmul          fz_ws.l(dmul.o)
    0x08004228   0x08004228   0x0000009c   Code   RO          942    x$fpl$dnaninf       fz_ws.l(dnaninf.o)
    0x080042c4   0x080042c4   0x0000000c   Code   RO          944    x$fpl$dretinf       fz_ws.l(dretinf.o)
    0x080042d0   0x080042d0   0x000001dc   Code   RO          878    x$fpl$dsub          fz_ws.l(daddsub_clz.o)
    0x080044ac   0x080044ac   0x00000056   Code   RO          890    x$fpl$f2d           fz_ws.l(f2d.o)
    0x08004502   0x08004502   0x00000002   PAD
    0x08004504   0x08004504   0x000000c4   Code   RO          892    x$fpl$fadd          fz_ws.l(faddsub_clz.o)
    0x080045c8   0x080045c8   0x00000054   Code   RO          898    x$fpl$fcmp          fz_ws.l(fcmp.o)
    0x0800461c   0x0800461c   0x00000018   Code   RO         1017    x$fpl$fcmpinf       fz_ws.l(fcmpi.o)
    0x08004634   0x08004634   0x00000184   Code   RO          901    x$fpl$fdiv          fz_ws.l(fdiv.o)
    0x080047b8   0x080047b8   0x00000068   Code   RO          946    x$fpl$feqf          fz_ws.l(feqf.o)
    0x08004820   0x08004820   0x00000036   Code   RO          904    x$fpl$ffix          fz_ws.l(ffix.o)
    0x08004856   0x08004856   0x00000002   PAD
    0x08004858   0x08004858   0x0000003e   Code   RO          908    x$fpl$ffixu         fz_ws.l(ffixu.o)
    0x08004896   0x08004896   0x00000002   PAD
    0x08004898   0x08004898   0x00000030   Code   RO          913    x$fpl$fflt          fz_ws.l(fflt_clz.o)
    0x080048c8   0x080048c8   0x00000026   Code   RO          912    x$fpl$ffltu         fz_ws.l(fflt_clz.o)
    0x080048ee   0x080048ee   0x00000002   PAD
    0x080048f0   0x080048f0   0x00000068   Code   RO          948    x$fpl$fgeqf         fz_ws.l(fgeqf.o)
    0x08004958   0x08004958   0x00000068   Code   RO          950    x$fpl$fleqf         fz_ws.l(fleqf.o)
    0x080049c0   0x080049c0   0x00000102   Code   RO          918    x$fpl$fmul          fz_ws.l(fmul.o)
    0x08004ac2   0x08004ac2   0x0000008c   Code   RO          952    x$fpl$fnaninf       fz_ws.l(fnaninf.o)
    0x08004b4e   0x08004b4e   0x0000000a   Code   RO          954    x$fpl$fretinf       fz_ws.l(fretinf.o)
    0x08004b58   0x08004b58   0x000000ea   Code   RO          894    x$fpl$fsub          fz_ws.l(faddsub_clz.o)
    0x08004c42   0x08004c42   0x00000004   Code   RO          920    x$fpl$printf1       fz_ws.l(printf1.o)
    0x08004c46   0x08004c46   0x00000000   Code   RO          956    x$fpl$usenofp       fz_ws.l(usenofp.o)
    0x08004c46   0x08004c46   0x00000002   PAD
    0x08004c48   0x08004c48   0x00000094   Data   RO          988    .constdata          c_w.l(bigflt0.o)
    0x08004cdc   0x08004cdc   0x00000004   Data   RO          520    .rodata.ADCPrescTable  stm32f10x_rcc.o
    0x08004ce0   0x08004ce0   0x00000010   Data   RO          519    .rodata.APBAHBPrescTable  stm32f10x_rcc.o
    0x08004cf0   0x08004cf0   0x00000488   Data   RO           74    .rodata.str1.1      stm32_esp32_main.o
    0x08005178   0x08005178   0x00000020   Data   RO         1178    Region$$Table       anon$$obj.o
    0x08005198   0x08005198   0x0000001c   Data   RO         1014    locale$$data        c_w.l(lc_numeric_c.o)
    0x080051b4   0x080051b4   0x00000110   Data   RO         1091    locale$$data        c_w.l(lc_ctype_c.o)


    Execution Region ER_RW (Exec base: 0x20000000, Load base: 0x080052c4, Size: 0x0000000c, Max: 0xffffffff, ABSOLUTE)

    Exec Addr    Load Addr    Size         Type   Attr      Idx    E Section Name        Object

    0x20000000   0x080052c4   0x00000002   Data   RW           64    .data.ADC_CHANNELS  stm32_esp32_main.o
    0x20000002   0x080052c6   0x00000004   Data   RW           63    .data.PUMP_PINS     stm32_esp32_main.o
    0x20000006   0x080052ca   0x00000002   PAD
    0x20000008   0x080052cc   0x00000004   Data   RW           70    .data.filtered_distance  stm32_esp32_main.o


    Execution Region ER_ZI (Exec base: 0x20000010, Load base: 0x080052d0, Size: 0x000007c8, Max: 0xffffffff, ABSOLUTE)

    Exec Addr    Load Addr    Size         Type   Attr      Idx    E Section Name        Object

    0x20000010        -       0x00000060   Zero   RW         1024    .bss                c_w.l(libspace.o)
    0x20000070        -       0x00000008   Zero   RW           76    .bss.DIRT_ALL       stm32_esp32_main.o
    0x20000078        -       0x00000002   Zero   RW          285    .bss.Distance       hcsr04.o
    0x2000007a   0x080052d0   0x00000002   PAD
    0x2000007c        -       0x00000004   Zero   RW          282    .bss.IC_Val1        hcsr04.o
    0x20000080        -       0x00000004   Zero   RW          283    .bss.IC_Val2        hcsr04.o
    0x20000084        -       0x00000001   Zero   RW          284    .bss.Is_First_Captured  hcsr04.o
    0x20000085        -       0x00000001   Zero   RW           50    .bss.cmd_ready      stm32_esp32_main.o
    0x20000086   0x080052d0   0x00000002   PAD
    0x20000088        -       0x00000060   Zero   RW           95    .bss.current_settings  setting.o
    0x200000e8        -       0x00000001   Zero   RW           54    .bss.is_refilling   stm32_esp32_main.o
    0x200000e9        -       0x00000001   Zero   RW           58    .bss.is_water_all_active  stm32_esp32_main.o
    0x200000ea   0x080052d0   0x00000002   PAD
    0x200000ec        -       0x00000004   Zero   RW          212    .bss.ms_counter     systick.o
    0x200000f0        -       0x00000004   Zero   RW           68    .bss.plant_count    stm32_esp32_main.o
    0x200000f4        -       0x00000050   Zero   RW           73    .bss.plant_list     stm32_esp32_main.o
    0x20000144        -       0x00000004   Zero   RW           65    .bss.refill_start_time  stm32_esp32_main.o
    0x20000148        -       0x00000080   Zero   RW           72    .bss.rx_buffer      stm32_esp32_main.o
    0x200001c8        -       0x00000001   Zero   RW           49    .bss.rx_index       stm32_esp32_main.o
    0x200001c9   0x080052d0   0x00000003   PAD
    0x200001cc        -       0x00000004   Zero   RW          213    .bss.toggle_timer   systick.o
    0x200001d0        -       0x00000004   Zero   RW           75    .bss.volumn         stm32_esp32_main.o
    0x200001d4   0x080052d0   0x00000004   PAD
    0x200001d8        -       0x00000200   Zero   RW          794    HEAP                startup_stm32f10x_md.o
    0x200003d8        -       0x00000400   Zero   RW          793    STACK               startup_stm32f10x_md.o


==============================================================================

Image component sizes


      Code (inc. data)   RO Data    RW Data    ZI Data      Debug   Object Name

       428          0          0          0          0       3392   bh1750.o
       212          0          0          0          0       2035   dien_dung.o
       500          0          0          0         11       4876   hcsr04.o
      1054          0          0          0          0       8521   hdc_1018.o
        46          0          0          0          0       2708   nvic.o
         0          0          0          0         96       2424   setting.o
        64         26        236          0       1536        836   startup_stm32f10x_md.o
      4862        444       1160         10        232      17553   stm32_esp32_main.o
       324          0          0          0          0       6152   stm32f10x_gpio.o
       422          0          0          0          0       9586   stm32f10x_i2c.o
       212          0         20          0          0       8544   stm32f10x_rcc.o
        58          0          0          0          0       8913   stm32f10x_usart.o
       188          0          0          0          0        659   sysclk.o
       268          0          0          0          0       2889   system_stm32f10x.o
       132          0          0          0          8       2353   systick.o
       134          0          0          0          0       1043   uart_config.o

    ----------------------------------------------------------------------
      8944        470       1448         12       1896      82484   Object Totals
         0          0         32          0          0          0   (incl. Generated)
        40          0          0          2         13          0   (incl. Padding)

    ----------------------------------------------------------------------

      Code (inc. data)   RO Data    RW Data    ZI Data      Debug   Library Member Name

        60          8          0          0          0         84   __0sscanf.o
         8          0          0          0          0         68   __main.o
       284          0          0          0          0        156   __printf_wp.o
         0          0          0          0          0          0   __rtentry.o
        12          0          0          0          0          0   __rtentry2.o
         6          0          0          0          0          0   __rtentry4.o
        94          8          0          0          0          0   __scatter.o
        26          0          0          0          0          0   __scatter_copy.o
        28          0          0          0          0          0   __scatter_zi.o
        28          0          0          0          0         68   _chval.o
        44          0          0          0          0        108   _printf_char.o
        48          6          0          0          0         96   _printf_char_common.o
         6          0          0          0          0          0   _printf_d.o
       120         16          0          0          0         92   _printf_dec.o
         6          0          0          0          0          0   _printf_f.o
      1052          0          0          0          0        148   _printf_fp_dec.o
       128         16          0          0          0         84   _printf_fp_infnan.o
       178          0          0          0          0         88   _printf_intcommon.o
         0          0          0          0          0          0   _printf_percent.o
         4          0          0          0          0          0   _printf_percent_end.o
         6          0          0          0          0          0   _printf_s.o
        82          0          0          0          0         80   _printf_str.o
       884          6          0          0          0        100   _scanf.o
       332          0          0          0          0         96   _scanf_int.o
       224          0          0          0          0         96   _scanf_str.o
        64          0          0          0          0         84   _sgetc.o
        10          0          0          0          0         68   _sputc.o
       228          4        148          0          0         96   bigflt0.o
      1936        128          0          0          0        668   btod.o
        18          0          0          0          0         80   exit.o
         6          0          0          0          0        152   heapauxi.o
         0          0          0          0          0          0   indicate_semi.o
        18          0          0          0          0         76   isspace.o
        44         10        272          0          0         76   lc_ctype_c.o
        44         10         28          0          0         76   lc_numeric_c.o
         2          0          0          0          0          0   libinit.o
        30          0          0          0          0          0   libinit2.o
         2          0          0          0          0          0   libshutdown.o
         2          0          0          0          0          0   libshutdown2.o
         8          4          0          0         96         68   libspace.o
       138          0          0          0          0         80   lludiv10.o
        40          6          0          0          0         84   noretval__2sprintf.o
        16          4          0          0          0         76   rt_ctype_table.o
         8          4          0          0          0         68   rt_locale_intlibspace.o
        78          0          0          0          0         80   rt_memclr_w.o
         2          0          0          0          0          0   rtexit.o
        10          0          0          0          0          0   rtexit2.o
        44          8          0          0          0         84   scanf_char.o
       128          0          0          0          0         68   strcmpv7m.o
        72          0          0          0          0         80   strcpy.o
       150          0          0          0          0         80   strncmp.o
        36          0          0          0          0         80   strstr.o
        12          4          0          0          0         68   sys_exit.o
        74          0          0          0          0         80   sys_stackheap_outer.o
         2          0          0          0          0         68   use_no_semi.o
        98          4          0          0          0         92   d2f.o
       812         16          0          0          0        296   daddsub_clz.o
        38          0          0          0          0         68   dflt_clz.o
       340         12          0          0          0        104   dmul.o
       156          4          0          0          0         92   dnaninf.o
        12          0          0          0          0         68   dretinf.o
        86          4          0          0          0         84   f2d.o
       430          8          0          0          0        168   faddsub_clz.o
        84          0          0          0          0        196   fcmp.o
        24          0          0          0          0         68   fcmpi.o
       388         76          0          0          0         96   fdiv.o
       104          4          0          0          0         84   feqf.o
        54          4          0          0          0         84   ffix.o
        62          4          0          0          0         84   ffixu.o
        86          0          0          0          0        136   fflt_clz.o
       104          4          0          0          0         84   fgeqf.o
       104          4          0          0          0         84   fleqf.o
       258          4          0          0          0         84   fmul.o
       140          4          0          0          0         84   fnaninf.o
        10          0          0          0          0         68   fretinf.o
         4          0          0          0          0         68   printf1.o
         0          0          0          0          0          0   usenofp.o
        40          0          0          0          0         68   fpclassify.o

    ----------------------------------------------------------------------
     10348        394        448          0         96       6064   Library Totals
        32          0          0          0          0          0   (incl. Padding)

    ----------------------------------------------------------------------

      Code (inc. data)   RO Data    RW Data    ZI Data      Debug   Library Name

      6882        242        448          0         96       3804   c_w.l
      3394        152          0          0          0       2192   fz_ws.l
        40          0          0          0          0         68   m_ws.l

    ----------------------------------------------------------------------
     10348        394        448          0         96       6064   Library Totals

    ----------------------------------------------------------------------

==============================================================================


      Code (inc. data)   RO Data    RW Data    ZI Data      Debug   

     19292        864       1896         12       1992      84972   Grand Totals
     19292        864       1896         12       1992      84972   ELF Image Totals
     19292        864       1896         12          0          0   ROM Totals

==============================================================================

    Total RO  Size (Code + RO Data)                21188 (  20.69kB)
    Total RW  Size (RW Data + ZI Data)              2004 (   1.96kB)
    Total ROM Size (Code + RO Data + RW Data)      21200 (  20.70kB)

==============================================================================

